Archive member included to satisfy reference by file (symbol)

D:\Koulu, School, Suli\Project\lpc_board_nxp_lpcxpresso_1549\Debug\liblpc_board_nxp_lpcxpresso_1549.a(board.o)
                              ./src/main.o (Board_LED_Set)
D:\Koulu, School, Suli\Project\lpc_board_nxp_lpcxpresso_1549\Debug\liblpc_board_nxp_lpcxpresso_1549.a(board_sysinit.o)
                              ./src/sysinit.o (Board_SystemInit)
D:\Koulu, School, Suli\Project\lpc_chip_15xx\Debug\liblpc_chip_15xx.a(chip_15xx.o)
                              ./src/main.o (SystemCoreClock)
D:\Koulu, School, Suli\Project\lpc_chip_15xx\Debug\liblpc_chip_15xx.a(clock_15xx.o)
                              ./src/LpcUart.o (Chip_Clock_GetMainClockRate)
D:\Koulu, School, Suli\Project\lpc_chip_15xx\Debug\liblpc_chip_15xx.a(gpio_15xx.o)
                              D:\Koulu, School, Suli\Project\lpc_board_nxp_lpcxpresso_1549\Debug\liblpc_board_nxp_lpcxpresso_1549.a(board.o) (Chip_GPIO_Init)
D:\Koulu, School, Suli\Project\lpc_chip_15xx\Debug\liblpc_chip_15xx.a(i2c_common_15xx.o)
                              ./src/I2C.o (Chip_I2C_Init)
D:\Koulu, School, Suli\Project\lpc_chip_15xx\Debug\liblpc_chip_15xx.a(i2cm_15xx.o)
                              ./src/I2C.o (Chip_I2CM_SetBusSpeed)
D:\Koulu, School, Suli\Project\lpc_chip_15xx\Debug\liblpc_chip_15xx.a(iocon_15xx.o)
                              D:\Koulu, School, Suli\Project\lpc_board_nxp_lpcxpresso_1549\Debug\liblpc_board_nxp_lpcxpresso_1549.a(board_sysinit.o) (Chip_IOCON_SetPinMuxing)
D:\Koulu, School, Suli\Project\lpc_chip_15xx\Debug\liblpc_chip_15xx.a(ring_buffer.o)
                              ./src/LpcUart.o (RingBuffer_Init)
D:\Koulu, School, Suli\Project\lpc_chip_15xx\Debug\liblpc_chip_15xx.a(ritimer_15xx.o)
                              ./src/LiquidCrystal.o (Chip_RIT_SetCTRL)
D:\Koulu, School, Suli\Project\lpc_chip_15xx\Debug\liblpc_chip_15xx.a(swm_15xx.o)
                              ./src/ITM_write.o (Chip_SWM_MovablePinAssign)
D:\Koulu, School, Suli\Project\lpc_chip_15xx\Debug\liblpc_chip_15xx.a(sysctl_15xx.o)
                              D:\Koulu, School, Suli\Project\lpc_board_nxp_lpcxpresso_1549\Debug\liblpc_board_nxp_lpcxpresso_1549.a(board_sysinit.o) (Chip_SYSCTL_AssertPeriphReset)
D:\Koulu, School, Suli\Project\lpc_chip_15xx\Debug\liblpc_chip_15xx.a(sysinit_15xx.o)
                              D:\Koulu, School, Suli\Project\lpc_board_nxp_lpcxpresso_1549\Debug\liblpc_board_nxp_lpcxpresso_1549.a(board_sysinit.o) (Chip_SetupXtalClocking)
D:\Koulu, School, Suli\Project\lpc_chip_15xx\Debug\liblpc_chip_15xx.a(uart_15xx.o)
                              ./src/LpcUart.o (Chip_UART_Init)
c:/nxp/mcuxpressoide_11.2.0_4120/ide/plugins/com.nxp.mcuxpresso.tools.win32_11.2.0.202001021529/tools/bin/../lib/gcc/arm-none-eabi/9.2.1/thumb/v7-m/nofp\libgcc.a(_arm_muldf3.o)
                              ./src/LiquidCrystal.o (__aeabi_dmul)
c:/nxp/mcuxpressoide_11.2.0_4120/ide/plugins/com.nxp.mcuxpresso.tools.win32_11.2.0.202001021529/tools/bin/../lib/gcc/arm-none-eabi/9.2.1/thumb/v7-m/nofp\libgcc.a(_arm_addsubdf3.o)
                              ./src/LiquidCrystal.o (__aeabi_ui2d)
c:/nxp/mcuxpressoide_11.2.0_4120/ide/plugins/com.nxp.mcuxpresso.tools.win32_11.2.0.202001021529/tools/bin/../lib/gcc/arm-none-eabi/9.2.1/thumb/v7-m/nofp\libgcc.a(_arm_muldivdf3.o)
                              ./src/ABBcontroller.o (__aeabi_ddiv)
c:/nxp/mcuxpressoide_11.2.0_4120/ide/plugins/com.nxp.mcuxpresso.tools.win32_11.2.0.202001021529/tools/bin/../lib/gcc/arm-none-eabi/9.2.1/thumb/v7-m/nofp\libgcc.a(_arm_fixdfsi.o)
                              ./src/ABBcontroller.o (__aeabi_d2iz)
c:/nxp/mcuxpressoide_11.2.0_4120/ide/plugins/com.nxp.mcuxpresso.tools.win32_11.2.0.202001021529/tools/bin/../lib/gcc/arm-none-eabi/9.2.1/thumb/v7-m/nofp\libgcc.a(_arm_truncdfsf2.o)
                              ./src/ABBcontroller.o (__aeabi_d2f)
c:/nxp/mcuxpressoide_11.2.0_4120/ide/plugins/com.nxp.mcuxpresso.tools.win32_11.2.0.202001021529/tools/bin/../lib/gcc/arm-none-eabi/9.2.1/thumb/v7-m/nofp\libgcc.a(_arm_addsubsf3.o)
                              ./src/ABBcontroller.o (__aeabi_fsub)
c:/nxp/mcuxpressoide_11.2.0_4120/ide/plugins/com.nxp.mcuxpresso.tools.win32_11.2.0.202001021529/tools/bin/../lib/gcc/arm-none-eabi/9.2.1/thumb/v7-m/nofp\libgcc.a(_arm_cmpsf2.o)
                              ./src/ABBcontroller.o (__aeabi_fcmpeq)
c:/nxp/mcuxpressoide_11.2.0_4120/ide/plugins/com.nxp.mcuxpresso.tools.win32_11.2.0.202001021529/tools/bin/../lib/gcc/arm-none-eabi/9.2.1/thumb/v7-m/nofp\libgcc.a(_arm_fixsfsi.o)
                              ./src/ABBcontroller.o (__aeabi_f2iz)
c:/nxp/mcuxpressoide_11.2.0_4120/ide/plugins/com.nxp.mcuxpresso.tools.win32_11.2.0.202001021529/tools/bin/../lib/gcc/arm-none-eabi/9.2.1/thumb/v7-m/nofp\libgcc.a(_aeabi_uldivmod.o)
                              D:\Koulu, School, Suli\Project\lpc_chip_15xx\Debug\liblpc_chip_15xx.a(clock_15xx.o) (__aeabi_uldivmod)
[...]
Memory Configuration

Name             Origin             Length             Attributes
MFlash256        0x00000000         0x00040000         xr
Ram0_16_32       0x02000000         0x00008000         xrw
Ram2_4           0x02008000         0x00001000         xrw
*default*        0x00000000         0xffffffff

Linker script and memory map

LOAD ./src/ABBcontroller.o
LOAD ./src/DigitalIoPin.o
LOAD ./src/I2C.o
LOAD ./src/ITM_write.o
LOAD ./src/LiquidCrystal.o
LOAD ./src/LpcUart.o
LOAD ./src/ModbusMaster.o
LOAD ./src/SerialPort.o
LOAD ./src/cr_cpp_config.o
LOAD ./src/cr_startup_lpc15xx.o
LOAD ./src/crp.o
LOAD ./src/main.o
LOAD ./src/retarget_itm.o
LOAD ./src/sysinit.o
LOAD D:\Koulu, School, Suli\Project\lpc_board_nxp_lpcxpresso_1549\Debug\liblpc_board_nxp_lpcxpresso_1549.a
LOAD D:\Koulu, School, Suli\Project\lpc_chip_15xx\Debug\liblpc_chip_15xx.a
START GROUP
LOAD c:/nxp/mcuxpressoide_11.2.0_4120/ide/plugins/com.nxp.mcuxpresso.tools.win32_11.2.0.202001021529/tools/bin/../lib/gcc/arm-none-eabi/9.2.1/thumb/v7-m/nofp\libgcc.a
LOAD c:/nxp/mcuxpressoide_11.2.0_4120/ide/plugins/com.nxp.mcuxpresso.tools.win32_11.2.0.202001021529/tools/bin/../lib/gcc/arm-none-eabi/9.2.1/../../../../arm-none-eabi/lib/thumb/v7-m/nofp\libc_nano.a
LOAD c:/nxp/mcuxpressoide_11.2.0_4120/ide/plugins/com.nxp.mcuxpresso.tools.win32_11.2.0.202001021529/tools/bin/../lib/gcc/arm-none-eabi/9.2.1/../../../../arm-none-eabi/lib/thumb/v7-m/nofp\libstdc++_nano.a
LOAD c:/nxp/mcuxpressoide_11.2.0_4120/ide/plugins/com.nxp.mcuxpresso.tools.win32_11.2.0.202001021529/tools/bin/../lib/gcc/arm-none-eabi/9.2.1/../../../../arm-none-eabi/lib/thumb/v7-m/nofp\libm.a
LOAD c:/nxp/mcuxpressoide_11.2.0_4120/ide/plugins/com.nxp.mcuxpresso.tools.win32_11.2.0.202001021529/tools/bin/../lib/gcc/arm-none-eabi/9.2.1/../../../../arm-none-eabi/lib/thumb/v7-m/nofp\libcr_newlib_nohost.a
LOAD c:/nxp/mcuxpressoide_11.2.0_4120/ide/plugins/com.nxp.mcuxpresso.tools.win32_11.2.0.202001021529/tools/bin/../lib/gcc/arm-none-eabi/9.2.1/thumb/v7-m/nofp\crti.o
LOAD c:/nxp/mcuxpressoide_11.2.0_4120/ide/plugins/com.nxp.mcuxpresso.tools.win32_11.2.0.202001021529/tools/bin/../lib/gcc/arm-none-eabi/9.2.1/thumb/v7-m/nofp\crtn.o
LOAD c:/nxp/mcuxpressoide_11.2.0_4120/ide/plugins/com.nxp.mcuxpresso.tools.win32_11.2.0.202001021529/tools/bin/../lib/gcc/arm-none-eabi/9.2.1/thumb/v7-m/nofp\crtbegin.o
LOAD c:/nxp/mcuxpressoide_11.2.0_4120/ide/plugins/com.nxp.mcuxpresso.tools.win32_11.2.0.202001021529/tools/bin/../lib/gcc/arm-none-eabi/9.2.1/thumb/v7-m/nofp\crtend.o
END GROUP
                0x00000000                __base_MFlash256 = 0x0
                0x00000000                __base_Flash = 0x0
                0x00040000                __top_MFlash256 = 0x40000
                0x00040000                __top_Flash = 0x40000
                0x02000000                __base_Ram0_16_32 = 0x2000000
                0x02000000                __base_RAM = 0x2000000
                0x02008000                __top_Ram0_16_32 = 0x2008000
                0x02008000                __top_RAM = 0x2008000
                0x02008000                __base_Ram2_4 = 0x2008000
                0x02008000                __base_RAM2 = 0x2008000
                0x02009000                __top_Ram2_4 = 0x2009000
                0x02009000                __top_RAM2 = 0x2009000

.text           0x00000000     0x79c8
 FILL mask 0xff
                0x00000000                __vectors_start__ = ABSOLUTE (.)
 *(.isr_vector)
 .isr_vector    0x00000000       0xfc ./src/cr_startup_lpc15xx.o
                0x00000000                g_pfnVectors
                0x000000fc                . = ALIGN (0x4)
                0x000000fc                __section_table_start = .
                0x000000fc                __data_section_table = .
                0x000000fc        0x4 LONG 0x79d0 LOADADDR (.data)
                0x00000100        0x4 LONG 0x2000000 ADDR (.data)
                0x00000104        0x4 LONG 0x6c SIZEOF (.data)
                0x00000108        0x4 LONG 0x79d0 LOADADDR (.data_RAM2)
                0x0000010c        0x4 LONG 0x2008000 ADDR (.data_RAM2)
                0x00000110        0x4 LONG 0x0 SIZEOF (.data_RAM2)
                0x00000114                __data_section_table_end = .
                0x00000114                __bss_section_table = .
                0x00000114        0x4 LONG 0x200006c ADDR (.bss)
                0x00000118        0x4 LONG 0x68 SIZEOF (.bss)
                0x0000011c        0x4 LONG 0x2008000 ADDR (.bss_RAM2)
                0x00000120        0x4 LONG 0x0 SIZEOF (.bss_RAM2)
                0x00000124                __bss_section_table_end = .
                0x00000124                __section_table_end = .
 *(.after_vectors*)
 .after_vectors
                0x00000124      0x150 ./src/cr_startup_lpc15xx.o
                0x00000124                data_init(unsigned int, unsigned int, unsigned int)
                0x00000166                bss_init(unsigned int, unsigned int)
                0x0000019c                ResetISR
                0x00000228                NMI_Handler
                0x0000022e                HardFault_Handler
                0x00000244                MemManage_Handler
                0x0000024a                BusFault_Handler
                0x00000250                UsageFault_Handler
                0x00000256                SVC_Handler
                0x0000025c                DebugMon_Handler
                0x00000262                PendSV_Handler
                0x0000026e                RTC_WAKE_IRQHandler
                0x0000026e                ADC1_THCMP_IRQHandler
                0x0000026e                SPI1_IRQHandler
                0x0000026e                PIN_INT6_IRQHandler
                0x0000026e                IntDefaultHandler
                0x0000026e                PIN_INT4_IRQHandler
                0x0000026e                CAN_IRQHandler
                0x0000026e                RTC_ALARM_IRQHandler
                0x0000026e                ADC1B_IRQHandler
                0x0000026e                ADC1_OVR_IRQHandler
                0x0000026e                USBWakeup_IRQHandler
                0x0000026e                MRT_IRQHandler
                0x0000026e                SCT1_IRQHandler
                0x0000026e                PIN_INT2_IRQHandler
                0x0000026e                USB_FIQHandler
                0x0000026e                ADC0_OVR_IRQHandler
                0x0000026e                PIN_INT7_IRQHandler
                0x0000026e                SCT0_IRQHandler
                0x0000026e                PIN_INT1_IRQHandler
                0x0000026e                USB_IRQHandler
                0x0000026e                BOD_IRQHandler
                0x0000026e                ADC0B_IRQHandler
                0x0000026e                ACMP0_IRQHandler
                0x0000026e                I2C0_IRQHandler
                0x0000026e                RIT_IRQHandler
                0x0000026e                WDT_IRQHandler
                0x0000026e                PIN_INT5_IRQHandler
                0x0000026e                PIN_INT0_IRQHandler
                0x0000026e                QEI_IRQHandler
                0x0000026e                ACMP3_IRQHandler
                0x0000026e                GINT0_IRQHandler
                0x0000026e                DAC_IRQHandler
                0x0000026e                SPI0_IRQHandler
                0x0000026e                EEPROM_IRQHandler
                0x0000026e                ACMP2_IRQHandler
                0x0000026e                SCT2_IRQHandler
                0x0000026e                ADC1A_IRQHandler
                0x0000026e                DMA_IRQHandler
                0x0000026e                PIN_INT3_IRQHandler
                0x0000026e                ACMP1_IRQHandler
                0x0000026e                SCT3_IRQHandler
                0x0000026e                ADC0A_IRQHandler
                0x0000026e                FMC_IRQHandler
                0x0000026e                GINT1_IRQHandler
                0x0000026e                ADC0_THCMP_IRQHandler
 *(.text*)
 .text._ZNSt7__cxx119to_stringEi
                0x00000274       0x2c ./src/ABBcontroller.o
                0x00000274                std::__cxx11::to_string(int)
 .text._ZNSt7__cxx119to_stringEf
                0x000002a0       0x38 ./src/ABBcontroller.o
                0x000002a0                std::__cxx11::to_string(float)
 .text.SysTick_Handler
                0x000002d8       0xf4 ./src/ABBcontroller.o
                0x000002d8                SysTick_Handler
 .text._Z5Sleepi
                0x000003cc       0x34 ./src/ABBcontroller.o
                0x000003cc                Sleep(int)
 .text._Z6millisv
                0x00000400       0x14 ./src/ABBcontroller.o
                0x00000400                millis()
 .text._ZN13ABBcontrollerC2Ev
                0x00000414      0x1d8 ./src/ABBcontroller.o
                0x00000414                ABBcontroller::ABBcontroller()
                0x00000414                ABBcontroller::ABBcontroller()
 .text._ZN13ABBcontroller8startAbbEv
                0x000005ec       0x50 ./src/ABBcontroller.o
                0x000005ec                ABBcontroller::startAbb()
 .text._ZN13ABBcontroller12setFrequencyEt
                0x0000063c       0xc4 ./src/ABBcontroller.o
                0x0000063c                ABBcontroller::setFrequency(unsigned short)
 .text._ZN13ABBcontroller7getModeEv
                0x00000700       0x16 ./src/ABBcontroller.o
                0x00000700                ABBcontroller::getMode()
 *fill*         0x00000716        0x2 ff
 .text._ZN13ABBcontroller13manualMeasureEv
                0x00000718       0x58 ./src/ABBcontroller.o
                0x00000718                ABBcontroller::manualMeasure()
 .text._ZN13ABBcontroller11autoMeasureEv
                0x00000770      0x1cc ./src/ABBcontroller.o
                0x00000770                ABBcontroller::autoMeasure()
 .text._ZN13ABBcontroller7measureEv
                0x0000093c      0x120 ./src/ABBcontroller.o
                0x0000093c                ABBcontroller::measure()
 .text._ZN13ABBcontroller7compareEv
                0x00000a5c      0x10c ./src/ABBcontroller.o
                0x00000a5c                ABBcontroller::compare()
 .text._ZN13ABBcontroller17drawUserInterfaceEv
                0x00000b68      0x408 ./src/ABBcontroller.o
                0x00000b68                ABBcontroller::drawUserInterface()
 .text._ZN13ABBcontroller13readUserinputEv
                0x00000f70      0x1f8 ./src/ABBcontroller.o
                0x00000f70                ABBcontroller::readUserinput()
 .text._ZN13ABBcontrollerD2Ev
                0x00001168       0x20 ./src/ABBcontroller.o
                0x00001168                ABBcontroller::~ABBcontroller()
                0x00001168                ABBcontroller::~ABBcontroller()
 .text._ZN13ABBcontrollerD0Ev
                0x00001188       0x20 ./src/ABBcontroller.o
                0x00001188                ABBcontroller::~ABBcontroller()
 .text._ZN9__gnu_cxx12__to_xstringINSt7__cxx1112basic_stringIcSt11char_traitsIcESaIcEEEcEET_PFiPT0_jPKS8_St9__va_listEjSB_z
                0x000011a8       0x70 ./src/ABBcontroller.o
                0x000011a8                std::__cxx11::basic_string<char, std::char_traits<char>, std::allocator<char> > __gnu_cxx::__to_xstring<std::__cxx11::basic_string<char, std::char_traits<char>, std::allocator<char> >, char>(int (*)(char*, unsigned int, char const*, std::__va_list), unsigned int, char const*, ...)
 .text._ZStplIcSt11char_traitsIcESaIcEENSt7__cxx1112basic_stringIT_T0_T1_EEPKS5_OS8_
                0x00001218       0x30 ./src/ABBcontroller.o
                0x00001218                std::__cxx11::basic_string<char, std::char_traits<char>, std::allocator<char> > std::operator+<char, std::char_traits<char>, std::allocator<char> >(char const*, std::__cxx11::basic_string<char, std::char_traits<char>, std::allocator<char> >&&)
 .text._ZStplIcSt11char_traitsIcESaIcEENSt7__cxx1112basic_stringIT_T0_T1_EEOS8_PKS5_
                0x00001248       0x2e ./src/ABBcontroller.o
                0x00001248                std::__cxx11::basic_string<char, std::char_traits<char>, std::allocator<char> > std::operator+<char, std::char_traits<char>, std::allocator<char> >(std::__cxx11::basic_string<char, std::char_traits<char>, std::allocator<char> >&&, char const*)
 .text._ZStplIcSt11char_traitsIcESaIcEENSt7__cxx1112basic_stringIT_T0_T1_EEOS8_S9_
                0x00001276       0x82 ./src/ABBcontroller.o
                0x00001276                std::__cxx11::basic_string<char, std::char_traits<char>, std::allocator<char> > std::operator+<char, std::char_traits<char>, std::allocator<char> >(std::__cxx11::basic_string<char, std::char_traits<char>, std::allocator<char> >&&, std::__cxx11::basic_string<char, std::char_traits<char>, std::allocator<char> >&&)
 .text._ZNSt7__cxx1112basic_stringIcSt11char_traitsIcESaIcEEC2IPcvEET_S7_RKS3_
                0x000012f8       0x36 ./src/ABBcontroller.o
                0x000012f8                std::__cxx11::basic_string<char, std::char_traits<char>, std::allocator<char> >::basic_string<char*, void>(char*, char*, std::allocator<char> const&)
                0x000012f8                std::__cxx11::basic_string<char, std::char_traits<char>, std::allocator<char> >::basic_string<char*, void>(char*, char*, std::allocator<char> const&)
 .text._ZSt4moveIRNSt7__cxx1112basic_stringIcSt11char_traitsIcESaIcEEEEONSt16remove_referenceIT_E4typeEOS8_
                0x0000132e       0x14 ./src/ABBcontroller.o
                0x0000132e                std::remove_reference<std::__cxx11::basic_string<char, std::char_traits<char>, std::allocator<char> >&>::type&& std::move<std::__cxx11::basic_string<char, std::char_traits<char>, std::allocator<char> >&>(std::__cxx11::basic_string<char, std::char_traits<char>, std::allocator<char> >&)
 .text._ZNSt7__cxx1112basic_stringIcSt11char_traitsIcESaIcEE12_M_constructIPcEEvT_S7_
                0x00001342       0x1e ./src/ABBcontroller.o
                0x00001342                void std::__cxx11::basic_string<char, std::char_traits<char>, std::allocator<char> >::_M_construct<char*>(char*, char*)
 .text._ZNSt7__cxx1112basic_stringIcSt11char_traitsIcESaIcEE16_M_construct_auxIPcEEvT_S7_St12__false_type
                0x00001360       0x22 ./src/ABBcontroller.o
                0x00001360                void std::__cxx11::basic_string<char, std::char_traits<char>, std::allocator<char> >::_M_construct_aux<char*>(char*, char*, std::__false_type)
 *fill*         0x00001382        0x2 ff
 .text._ZNSt7__cxx1112basic_stringIcSt11char_traitsIcESaIcEE12_M_constructIPcEEvT_S7_St20forward_iterator_tag
                0x00001384       0x90 ./src/ABBcontroller.o
                0x00001384                void std::__cxx11::basic_string<char, std::char_traits<char>, std::allocator<char> >::_M_construct<char*>(char*, char*, std::forward_iterator_tag)
 .text._ZN9__gnu_cxx17__is_null_pointerIcEEbPT_
                0x00001414       0x1e ./src/ABBcontroller.o
                0x00001414                bool __gnu_cxx::__is_null_pointer<char>(char*)
 .text._ZSt8distanceIPcENSt15iterator_traitsIT_E15difference_typeES2_S2_
                0x00001432       0x28 ./src/ABBcontroller.o
                0x00001432                std::iterator_traits<char*>::difference_type std::distance<char*>(char*, char*)
 .text._ZSt19__iterator_categoryIPcENSt15iterator_traitsIT_E17iterator_categoryERKS2_
                0x0000145a       0x12 ./src/ABBcontroller.o
                0x0000145a                std::iterator_traits<char*>::iterator_category std::__iterator_category<char*>(char* const&)
 .text._ZSt10__distanceIPcENSt15iterator_traitsIT_E15difference_typeES2_S2_St26random_access_iterator_tag
                0x0000146c       0x1c ./src/ABBcontroller.o
                0x0000146c                std::iterator_traits<char*>::difference_type std::__distance<char*>(char*, char*, std::random_access_iterator_tag)
 .text.Chip_IOCON_PinMuxSet
                0x00001488       0x2c ./src/DigitalIoPin.o
 .text.Chip_GPIO_SetPinState
                0x000014b4       0x36 ./src/DigitalIoPin.o
 .text.Chip_GPIO_GetPinState
                0x000014ea       0x34 ./src/DigitalIoPin.o
 .text.Chip_GPIO_SetPinDIROutput
                0x0000151e       0x3c ./src/DigitalIoPin.o
 .text.Chip_GPIO_SetPinDIRInput
                0x0000155a       0x3e ./src/DigitalIoPin.o
 .text._ZN12DigitalIoPinC2Eiibbb
                0x00001598       0xa4 ./src/DigitalIoPin.o
                0x00001598                DigitalIoPin::DigitalIoPin(int, int, bool, bool, bool)
                0x00001598                DigitalIoPin::DigitalIoPin(int, int, bool, bool, bool)
 .text._ZN12DigitalIoPinD2Ev
                0x0000163c       0x20 ./src/DigitalIoPin.o
                0x0000163c                DigitalIoPin::~DigitalIoPin()
                0x0000163c                DigitalIoPin::~DigitalIoPin()
 .text._ZN12DigitalIoPinD0Ev
                0x0000165c       0x1e ./src/DigitalIoPin.o
                0x0000165c                DigitalIoPin::~DigitalIoPin()
 .text._ZN12DigitalIoPin4readEv
                0x0000167a       0x28 ./src/DigitalIoPin.o
                0x0000167a                DigitalIoPin::read()
 .text._ZN12DigitalIoPin5writeEb
                0x000016a2       0x2a ./src/DigitalIoPin.o
                0x000016a2                DigitalIoPin::write(bool)
 .text.Chip_IOCON_PinMuxSet
                0x000016cc       0x2c ./src/I2C.o
 .text.Chip_I2C_SetClockDiv
                0x000016f8       0x34 ./src/I2C.o
 .text.Chip_I2CM_Enable
                0x0000172c       0x22 ./src/I2C.o
 *fill*         0x0000174e        0x2 ff
 .text._ZN3I2CC2Eim
                0x00001750       0x84 ./src/I2C.o
                0x00001750                I2C::I2C(int, unsigned long)
                0x00001750                I2C::I2C(int, unsigned long)
 .text._ZN3I2CD2Ev
                0x000017d4       0x20 ./src/I2C.o
                0x000017d4                I2C::~I2C()
                0x000017d4                I2C::~I2C()
 .text._ZN3I2CD0Ev
                0x000017f4       0x1e ./src/I2C.o
                0x000017f4                I2C::~I2C()
 .text._ZN3I2C11transactionEhPhtS0_t
                0x00001812       0x50 ./src/I2C.o
                0x00001812                I2C::transaction(unsigned char, unsigned char*, unsigned short, unsigned char*, unsigned short)
 .text.Chip_SWM_MovablePortPinAssign
                0x00001862       0x30 ./src/ITM_write.o
 .text.ITM_init
                0x00001892       0x12 ./src/ITM_write.o
                0x00001892                ITM_init
 .text.ITM_write
                0x000018a4       0x7c ./src/ITM_write.o
                0x000018a4                ITM_write
 .text.Chip_RIT_Enable
                0x00001920       0x18 ./src/LiquidCrystal.o
 .text.Chip_RIT_Disable
                0x00001938       0x18 ./src/LiquidCrystal.o
 .text.Chip_RIT_GetIntStatus
                0x00001950       0x24 ./src/LiquidCrystal.o
 .text.Chip_RIT_ClearIntStatus
                0x00001974       0x18 ./src/LiquidCrystal.o
 .text.Chip_RIT_GetBaseClock
                0x0000198c       0x16 ./src/LiquidCrystal.o
 *fill*         0x000019a2        0x6 ff
 .text._Z17delayMicrosecondsj
                0x000019a8       0xc0 ./src/LiquidCrystal.o
                0x000019a8                delayMicroseconds(unsigned int)
 .text._ZN13LiquidCrystalC2EP12DigitalIoPinS1_S1_S1_S1_S1_
                0x00001a68       0x58 ./src/LiquidCrystal.o
                0x00001a68                LiquidCrystal::LiquidCrystal(DigitalIoPin*, DigitalIoPin*, DigitalIoPin*, DigitalIoPin*, DigitalIoPin*, DigitalIoPin*)
                0x00001a68                LiquidCrystal::LiquidCrystal(DigitalIoPin*, DigitalIoPin*, DigitalIoPin*, DigitalIoPin*, DigitalIoPin*, DigitalIoPin*)
 .text._ZN13LiquidCrystal5beginEhhh
                0x00001ac0      0x144 ./src/LiquidCrystal.o
                0x00001ac0                LiquidCrystal::begin(unsigned char, unsigned char, unsigned char)
 .text._ZN13LiquidCrystal5clearEv
                0x00001c04       0x20 ./src/LiquidCrystal.o
                0x00001c04                LiquidCrystal::clear()
 .text._ZN13LiquidCrystal5printERKNSt7__cxx1112basic_stringIcSt11char_traitsIcESaIcEEE
                0x00001c24       0x4e ./src/LiquidCrystal.o
                0x00001c24                LiquidCrystal::print(std::__cxx11::basic_string<char, std::char_traits<char>, std::allocator<char> > const&)
 .text._ZN13LiquidCrystal5printEPKc
                0x00001c72       0x3e ./src/LiquidCrystal.o
                0x00001c72                LiquidCrystal::print(char const*)
 .text._ZN13LiquidCrystal9setCursorEhh
                0x00001cb0       0x68 ./src/LiquidCrystal.o
                0x00001cb0                LiquidCrystal::setCursor(unsigned char, unsigned char)
 .text._ZN13LiquidCrystal7displayEv
                0x00001d18       0x30 ./src/LiquidCrystal.o
                0x00001d18                LiquidCrystal::display()
 .text._ZN13LiquidCrystal7commandEh
                0x00001d48       0x20 ./src/LiquidCrystal.o
                0x00001d48                LiquidCrystal::command(unsigned char)
 .text._ZN13LiquidCrystal5writeEh
                0x00001d68       0x22 ./src/LiquidCrystal.o
                0x00001d68                LiquidCrystal::write(unsigned char)
 .text._ZN13LiquidCrystal4sendEhh
                0x00001d8a       0x48 ./src/LiquidCrystal.o
                0x00001d8a                LiquidCrystal::send(unsigned char, unsigned char)
 .text._ZN13LiquidCrystal11pulseEnableEv
                0x00001dd2       0x46 ./src/LiquidCrystal.o
                0x00001dd2                LiquidCrystal::pulseEnable()
 .text._ZN13LiquidCrystal10write4bitsEh
                0x00001e18       0x54 ./src/LiquidCrystal.o
                0x00001e18                LiquidCrystal::write4bits(unsigned char)
 .text.NVIC_EnableIRQ
                0x00001e6c       0x30 ./src/LpcUart.o
 .text.NVIC_DisableIRQ
                0x00001e9c       0x34 ./src/LpcUart.o
 .text.Chip_IOCON_PinMuxSet
                0x00001ed0       0x2c ./src/LpcUart.o
 .text.Chip_SWM_MovablePortPinAssign
                0x00001efc       0x30 ./src/LpcUart.o
 .text.RingBuffer_GetCount
                0x00001f2c       0x20 ./src/LpcUart.o
 .text.Chip_UART_Enable
                0x00001f4c       0x1e ./src/LpcUart.o
 .text.Chip_UART_TXEnable
                0x00001f6a       0x1e ./src/LpcUart.o
 .text.Chip_UART_IntEnable
                0x00001f88       0x1a ./src/LpcUart.o
 .text.Chip_UART_IntDisable
                0x00001fa2       0x1a ./src/LpcUart.o
 .text.Chip_UART_ConfigData
                0x00001fbc       0x28 ./src/LpcUart.o
 .text.UART0_IRQHandler
                0x00001fe4       0x20 ./src/LpcUart.o
                0x00001fe4                UART0_IRQHandler
 .text.UART1_IRQHandler
                0x00002004       0x20 ./src/LpcUart.o
                0x00002004                UART1_IRQHandler
 .text.UART2_IRQHandler
                0x00002024       0x20 ./src/LpcUart.o
                0x00002024                UART2_IRQHandler
 .text._ZN7LpcUart3isrEv
                0x00002044       0x24 ./src/LpcUart.o
                0x00002044                LpcUart::isr()
 .text._ZN7LpcUartC2ERK13LpcUartConfig
                0x00002068      0x29c ./src/LpcUart.o
                0x00002068                LpcUart::LpcUart(LpcUartConfig const&)
                0x00002068                LpcUart::LpcUart(LpcUartConfig const&)
 .text._ZN7LpcUartD2Ev
                0x00002304       0x94 ./src/LpcUart.o
                0x00002304                LpcUart::~LpcUart()
                0x00002304                LpcUart::~LpcUart()
 .text._ZN7LpcUartD0Ev
                0x00002398       0x22 ./src/LpcUart.o
                0x00002398                LpcUart::~LpcUart()
 .text._ZN7LpcUart4peekEv
                0x000023ba       0x1c ./src/LpcUart.o
                0x000023ba                LpcUart::peek()
 .text._ZN7LpcUart4readERc
                0x000023d6       0x26 ./src/LpcUart.o
                0x000023d6                LpcUart::read(char&)
 .text._ZN7LpcUart5writeEPKci
                0x000023fc       0x28 ./src/LpcUart.o
                0x000023fc                LpcUart::write(char const*, int)
 .text._ZN7LpcUart5speedEi
                0x00002424       0x20 ./src/LpcUart.o
                0x00002424                LpcUart::speed(int)
 .text._ZN7LpcUart7txemptyEv
                0x00002444       0x26 ./src/LpcUart.o
                0x00002444                LpcUart::txempty()
 .text._ZL4wordhh
                0x0000246a       0x2a ./src/ModbusMaster.o
 .text._ZL8highBytet
                0x00002494       0x1c ./src/ModbusMaster.o
 .text._ZL7lowBytet
                0x000024b0       0x1a ./src/ModbusMaster.o
 .text._ZL7bitReadhh
                0x000024ca       0x2a ./src/ModbusMaster.o
 .text._ZL12crc16_updateth
                0x000024f4       0x5c ./src/ModbusMaster.o
 .text._ZN12ModbusMasterC2Eh
                0x00002550       0x2c ./src/ModbusMaster.o
                0x00002550                ModbusMaster::ModbusMaster(unsigned char)
                0x00002550                ModbusMaster::ModbusMaster(unsigned char)
 .text._ZN12ModbusMaster5beginEt
                0x0000257c       0x5e ./src/ModbusMaster.o
                0x0000257c                ModbusMaster::begin(unsigned short)
 .text._ZN12ModbusMaster17getResponseBufferEh
                0x000025da       0x2c ./src/ModbusMaster.o
                0x000025da                ModbusMaster::getResponseBuffer(unsigned char)
 .text._ZN12ModbusMaster20readHoldingRegistersEtt
                0x00002606       0x2e ./src/ModbusMaster.o
                0x00002606                ModbusMaster::readHoldingRegisters(unsigned short, unsigned short)
 .text._ZN12ModbusMaster19writeSingleRegisterEtt
                0x00002634       0x3a ./src/ModbusMaster.o
                0x00002634                ModbusMaster::writeSingleRegister(unsigned short, unsigned short)
 *fill*         0x0000266e        0x2 ff
 .text._ZN12ModbusMaster23ModbusMasterTransactionEh
                0x00002670      0x9c8 ./src/ModbusMaster.o
                0x00002670                ModbusMaster::ModbusMasterTransaction(unsigned char)
 .text._ZN10SerialPortC2Ev
                0x00003038       0xdc ./src/SerialPort.o
                0x00003038                SerialPort::SerialPort()
                0x00003038                SerialPort::SerialPort()
 .text._ZN10SerialPortD2Ev
                0x00003114       0x30 ./src/SerialPort.o
                0x00003114                SerialPort::~SerialPort()
                0x00003114                SerialPort::~SerialPort()
 .text._ZN10SerialPortD0Ev
                0x00003144       0x20 ./src/SerialPort.o
                0x00003144                SerialPort::~SerialPort()
 .text._ZN10SerialPort9availableEv
                0x00003164       0x1c ./src/SerialPort.o
                0x00003164                SerialPort::available()
 .text._ZN10SerialPort5beginEi
                0x00003180       0x1e ./src/SerialPort.o
                0x00003180                SerialPort::begin(int)
 .text._ZN10SerialPort4readEv
                0x0000319e       0x38 ./src/SerialPort.o
                0x0000319e                SerialPort::read()
 .text._ZN10SerialPort5writeEPKci
                0x000031d6       0x24 ./src/SerialPort.o
                0x000031d6                SerialPort::write(char const*, int)
 .text._ZN10SerialPort5flushEv
                0x000031fa       0x2c ./src/SerialPort.o
                0x000031fa                SerialPort::flush()
 .text._Znwj    0x00003226       0x18 ./src/cr_cpp_config.o
                0x00003226                operator new(unsigned int)
 .text._ZdlPv   0x0000323e       0x16 ./src/cr_cpp_config.o
                0x0000323e                operator delete(void*)
 .text.NVIC_SetPriority
                0x00003254       0x54 ./src/main.o
 .text.SysTick_Config
                0x000032a8       0x44 ./src/main.o
 .text.main     0x000032ec       0x78 ./src/main.o
                0x000032ec                main
 .text._write   0x00003364       0x7c ./src/retarget_itm.o
                0x00003364                _write
 .text._read    0x000033e0       0xb4 ./src/retarget_itm.o
                0x000033e0                _read
 .text.SystemInit
                0x00003494        0xc ./src/sysinit.o
                0x00003494                SystemInit
 .text.Chip_IOCON_PinMuxSet
                0x000034a0       0x2c D:\Koulu, School, Suli\Project\lpc_board_nxp_lpcxpresso_1549\Debug\liblpc_board_nxp_lpcxpresso_1549.a(board.o)
 .text.Chip_SWM_MovablePortPinAssign
                0x000034cc       0x30 D:\Koulu, School, Suli\Project\lpc_board_nxp_lpcxpresso_1549\Debug\liblpc_board_nxp_lpcxpresso_1549.a(board.o)
 .text.Chip_GPIO_SetPinState
                0x000034fc       0x36 D:\Koulu, School, Suli\Project\lpc_board_nxp_lpcxpresso_1549\Debug\liblpc_board_nxp_lpcxpresso_1549.a(board.o)
 .text.Chip_GPIO_SetPinDIROutput
                0x00003532       0x3c D:\Koulu, School, Suli\Project\lpc_board_nxp_lpcxpresso_1549\Debug\liblpc_board_nxp_lpcxpresso_1549.a(board.o)
 .text.Chip_UART_Enable
                0x0000356e       0x1e D:\Koulu, School, Suli\Project\lpc_board_nxp_lpcxpresso_1549\Debug\liblpc_board_nxp_lpcxpresso_1549.a(board.o)
 .text.Chip_UART_TXEnable
                0x0000358c       0x1e D:\Koulu, School, Suli\Project\lpc_board_nxp_lpcxpresso_1549\Debug\liblpc_board_nxp_lpcxpresso_1549.a(board.o)
 .text.Chip_UART_ConfigData
                0x000035aa       0x28 D:\Koulu, School, Suli\Project\lpc_board_nxp_lpcxpresso_1549\Debug\liblpc_board_nxp_lpcxpresso_1549.a(board.o)
 *fill*         0x000035d2        0x2 ff
 .text.Board_Debug_Init
                0x000035d4       0x70 D:\Koulu, School, Suli\Project\lpc_board_nxp_lpcxpresso_1549\Debug\liblpc_board_nxp_lpcxpresso_1549.a(board.o)
                0x000035d4                Board_Debug_Init
 .text.Board_LED_Init
                0x00003644       0x60 D:\Koulu, School, Suli\Project\lpc_board_nxp_lpcxpresso_1549\Debug\liblpc_board_nxp_lpcxpresso_1549.a(board.o)
 .text.Board_LED_Set
                0x000036a4       0x54 D:\Koulu, School, Suli\Project\lpc_board_nxp_lpcxpresso_1549\Debug\liblpc_board_nxp_lpcxpresso_1549.a(board.o)
                0x000036a4                Board_LED_Set
 .text.Board_Init
                0x000036f8       0x18 D:\Koulu, School, Suli\Project\lpc_board_nxp_lpcxpresso_1549\Debug\liblpc_board_nxp_lpcxpresso_1549.a(board.o)
                0x000036f8                Board_Init
 .text.Chip_SYSCTL_PeriphReset
                0x00003710       0x22 D:\Koulu, School, Suli\Project\lpc_board_nxp_lpcxpresso_1549\Debug\liblpc_board_nxp_lpcxpresso_1549.a(board_sysinit.o)
 *fill*         0x00003732        0x2 ff
 .text.Chip_Clock_SetUSBPLLSource
                0x00003734       0x20 D:\Koulu, School, Suli\Project\lpc_board_nxp_lpcxpresso_1549\Debug\liblpc_board_nxp_lpcxpresso_1549.a(board_sysinit.o)
 .text.Chip_Clock_SetupUSBPLL
                0x00003754       0x34 D:\Koulu, School, Suli\Project\lpc_board_nxp_lpcxpresso_1549\Debug\liblpc_board_nxp_lpcxpresso_1549.a(board_sysinit.o)
 .text.Chip_Clock_IsUSBPLLLocked
                0x00003788       0x24 D:\Koulu, School, Suli\Project\lpc_board_nxp_lpcxpresso_1549\Debug\liblpc_board_nxp_lpcxpresso_1549.a(board_sysinit.o)
 .text.Chip_Clock_SetSysTickClockDiv
                0x000037ac       0x20 D:\Koulu, School, Suli\Project\lpc_board_nxp_lpcxpresso_1549\Debug\liblpc_board_nxp_lpcxpresso_1549.a(board_sysinit.o)
 .text.Chip_SWM_MovablePortPinAssign
                0x000037cc       0x30 D:\Koulu, School, Suli\Project\lpc_board_nxp_lpcxpresso_1549\Debug\liblpc_board_nxp_lpcxpresso_1549.a(board_sysinit.o)
 .text.Board_SetupMuxing
                0x000037fc       0x84 D:\Koulu, School, Suli\Project\lpc_board_nxp_lpcxpresso_1549\Debug\liblpc_board_nxp_lpcxpresso_1549.a(board_sysinit.o)
                0x000037fc                Board_SetupMuxing
 .text.Board_SetupClocking
                0x00003880       0x3a D:\Koulu, School, Suli\Project\lpc_board_nxp_lpcxpresso_1549\Debug\liblpc_board_nxp_lpcxpresso_1549.a(board_sysinit.o)
                0x00003880                Board_SetupClocking
 *fill*         0x000038ba        0x2 ff
 .text.Board_SystemInit
                0x000038bc       0x1c D:\Koulu, School, Suli\Project\lpc_board_nxp_lpcxpresso_1549\Debug\liblpc_board_nxp_lpcxpresso_1549.a(board_sysinit.o)
                0x000038bc                Board_SystemInit
 .text.SystemCoreClockUpdate
                0x000038d8       0x18 D:\Koulu, School, Suli\Project\lpc_chip_15xx\Debug\liblpc_chip_15xx.a(chip_15xx.o)
                0x000038d8                SystemCoreClockUpdate
 .text.Chip_Clock_SetMain_A_ClockSource
                0x000038f0       0x20 D:\Koulu, School, Suli\Project\lpc_chip_15xx\Debug\liblpc_chip_15xx.a(clock_15xx.o)
 .text.Chip_Clock_GetMain_A_ClockSource
                0x00003910       0x18 D:\Koulu, School, Suli\Project\lpc_chip_15xx\Debug\liblpc_chip_15xx.a(clock_15xx.o)
 .text.Chip_Clock_SetMain_B_ClockSource
                0x00003928       0x20 D:\Koulu, School, Suli\Project\lpc_chip_15xx\Debug\liblpc_chip_15xx.a(clock_15xx.o)
 .text.Chip_Clock_GetMain_B_ClockSource
                0x00003948       0x18 D:\Koulu, School, Suli\Project\lpc_chip_15xx\Debug\liblpc_chip_15xx.a(clock_15xx.o)
 .text.Chip_Clock_SetUARTFRGDivider
                0x00003960       0x20 D:\Koulu, School, Suli\Project\lpc_chip_15xx\Debug\liblpc_chip_15xx.a(clock_15xx.o)
 .text.Chip_Clock_GetUARTFRGDivider
                0x00003980       0x18 D:\Koulu, School, Suli\Project\lpc_chip_15xx\Debug\liblpc_chip_15xx.a(clock_15xx.o)
 .text.Chip_Clock_GetMainOscRate
                0x00003998       0x14 D:\Koulu, School, Suli\Project\lpc_chip_15xx\Debug\liblpc_chip_15xx.a(clock_15xx.o)
 .text.Chip_Clock_GetIntOscRate
                0x000039ac       0x14 D:\Koulu, School, Suli\Project\lpc_chip_15xx\Debug\liblpc_chip_15xx.a(clock_15xx.o)
 .text.Chip_Clock_GetRTCOscRate
                0x000039c0       0x14 D:\Koulu, School, Suli\Project\lpc_chip_15xx\Debug\liblpc_chip_15xx.a(clock_15xx.o)
 .text.Chip_Clock_GetWDTOSCRate
                0x000039d4       0x14 D:\Koulu, School, Suli\Project\lpc_chip_15xx\Debug\liblpc_chip_15xx.a(clock_15xx.o)
 .text.Chip_Clock_GetPLLFreq
                0x000039e8       0x26 D:\Koulu, School, Suli\Project\lpc_chip_15xx\Debug\liblpc_chip_15xx.a(clock_15xx.o)
 .text.Chip_Clock_GetPLLInClockRate
                0x00003a0e       0x38 D:\Koulu, School, Suli\Project\lpc_chip_15xx\Debug\liblpc_chip_15xx.a(clock_15xx.o)
 *fill*         0x00003a46        0x2 ff
 .text.Chip_Clock_GetSystemPLLInClockRate
                0x00003a48       0x1c D:\Koulu, School, Suli\Project\lpc_chip_15xx\Debug\liblpc_chip_15xx.a(clock_15xx.o)
                0x00003a48                Chip_Clock_GetSystemPLLInClockRate
 .text.Chip_Clock_GetSystemPLLOutClockRate
                0x00003a64       0x24 D:\Koulu, School, Suli\Project\lpc_chip_15xx\Debug\liblpc_chip_15xx.a(clock_15xx.o)
                0x00003a64                Chip_Clock_GetSystemPLLOutClockRate
 .text.Chip_Clock_GetMain_A_ClockRate
                0x00003a88       0x4a D:\Koulu, School, Suli\Project\lpc_chip_15xx\Debug\liblpc_chip_15xx.a(clock_15xx.o)
                0x00003a88                Chip_Clock_GetMain_A_ClockRate
 *fill*         0x00003ad2        0x2 ff
 .text.Chip_Clock_GetMain_B_ClockRate
                0x00003ad4       0x58 D:\Koulu, School, Suli\Project\lpc_chip_15xx\Debug\liblpc_chip_15xx.a(clock_15xx.o)
                0x00003ad4                Chip_Clock_GetMain_B_ClockRate
 .text.Chip_Clock_SetMainClockSource
                0x00003b2c       0x3c D:\Koulu, School, Suli\Project\lpc_chip_15xx\Debug\liblpc_chip_15xx.a(clock_15xx.o)
                0x00003b2c                Chip_Clock_SetMainClockSource
 .text.Chip_Clock_GetMainClockRate
                0x00003b68       0x28 D:\Koulu, School, Suli\Project\lpc_chip_15xx\Debug\liblpc_chip_15xx.a(clock_15xx.o)
                0x00003b68                Chip_Clock_GetMainClockRate
 .text.Chip_Clock_EnablePeriphClock
                0x00003b90       0x58 D:\Koulu, School, Suli\Project\lpc_chip_15xx\Debug\liblpc_chip_15xx.a(clock_15xx.o)
                0x00003b90                Chip_Clock_EnablePeriphClock
 .text.Chip_Clock_GetUARTBaseClockRate
                0x00003be8       0x8c D:\Koulu, School, Suli\Project\lpc_chip_15xx\Debug\liblpc_chip_15xx.a(clock_15xx.o)
                0x00003be8                Chip_Clock_GetUARTBaseClockRate
 .text.Chip_Clock_SetUARTBaseClockRate
                0x00003c74       0xa4 D:\Koulu, School, Suli\Project\lpc_chip_15xx\Debug\liblpc_chip_15xx.a(clock_15xx.o)
                0x00003c74                Chip_Clock_SetUARTBaseClockRate
 .text.Chip_Clock_GetSystemClockRate
                0x00003d18       0x1c D:\Koulu, School, Suli\Project\lpc_chip_15xx\Debug\liblpc_chip_15xx.a(clock_15xx.o)
                0x00003d18                Chip_Clock_GetSystemClockRate
 .text.Chip_SYSCTL_PeriphReset
                0x00003d34       0x22 D:\Koulu, School, Suli\Project\lpc_chip_15xx\Debug\liblpc_chip_15xx.a(gpio_15xx.o)
 .text.Chip_GPIO_Init
                0x00003d56       0x2e D:\Koulu, School, Suli\Project\lpc_chip_15xx\Debug\liblpc_chip_15xx.a(gpio_15xx.o)
                0x00003d56                Chip_GPIO_Init
 .text.Chip_SYSCTL_PeriphReset
                0x00003d84       0x22 D:\Koulu, School, Suli\Project\lpc_chip_15xx\Debug\liblpc_chip_15xx.a(i2c_common_15xx.o)
 .text.Chip_I2C_Init
                0x00003da6       0x1c D:\Koulu, School, Suli\Project\lpc_chip_15xx\Debug\liblpc_chip_15xx.a(i2c_common_15xx.o)
                0x00003da6                Chip_I2C_Init
 .text.Chip_I2C_GetClockDiv
                0x00003dc2       0x1a D:\Koulu, School, Suli\Project\lpc_chip_15xx\Debug\liblpc_chip_15xx.a(i2cm_15xx.o)
 .text.Chip_I2CM_SetDutyCycle
                0x00003ddc       0x34 D:\Koulu, School, Suli\Project\lpc_chip_15xx\Debug\liblpc_chip_15xx.a(i2cm_15xx.o)
 .text.Chip_I2CM_GetStatus
                0x00003e10       0x16 D:\Koulu, School, Suli\Project\lpc_chip_15xx\Debug\liblpc_chip_15xx.a(i2cm_15xx.o)
 .text.Chip_I2CM_ClearStatus
                0x00003e26       0x1e D:\Koulu, School, Suli\Project\lpc_chip_15xx\Debug\liblpc_chip_15xx.a(i2cm_15xx.o)
 .text.Chip_I2CM_IsMasterPending
                0x00003e44       0x24 D:\Koulu, School, Suli\Project\lpc_chip_15xx\Debug\liblpc_chip_15xx.a(i2cm_15xx.o)
 .text.Chip_I2CM_GetMasterState
                0x00003e68       0x1c D:\Koulu, School, Suli\Project\lpc_chip_15xx\Debug\liblpc_chip_15xx.a(i2cm_15xx.o)
 .text.Chip_I2CM_SendStart
                0x00003e84       0x18 D:\Koulu, School, Suli\Project\lpc_chip_15xx\Debug\liblpc_chip_15xx.a(i2cm_15xx.o)
 .text.Chip_I2CM_SendStop
                0x00003e9c       0x18 D:\Koulu, School, Suli\Project\lpc_chip_15xx\Debug\liblpc_chip_15xx.a(i2cm_15xx.o)
 .text.Chip_I2CM_MasterContinue
                0x00003eb4       0x18 D:\Koulu, School, Suli\Project\lpc_chip_15xx\Debug\liblpc_chip_15xx.a(i2cm_15xx.o)
 .text.Chip_I2CM_WriteByte
                0x00003ecc       0x1c D:\Koulu, School, Suli\Project\lpc_chip_15xx\Debug\liblpc_chip_15xx.a(i2cm_15xx.o)
 .text.Chip_I2CM_SetBusSpeed
                0x00003ee8       0x48 D:\Koulu, School, Suli\Project\lpc_chip_15xx\Debug\liblpc_chip_15xx.a(i2cm_15xx.o)
                0x00003ee8                Chip_I2CM_SetBusSpeed
 .text.Chip_I2CM_XferHandler
                0x00003f30      0x15c D:\Koulu, School, Suli\Project\lpc_chip_15xx\Debug\liblpc_chip_15xx.a(i2cm_15xx.o)
                0x00003f30                Chip_I2CM_XferHandler
 .text.Chip_I2CM_Xfer
                0x0000408c       0x4c D:\Koulu, School, Suli\Project\lpc_chip_15xx\Debug\liblpc_chip_15xx.a(i2cm_15xx.o)
                0x0000408c                Chip_I2CM_Xfer
 .text.Chip_I2CM_XferBlocking
                0x000040d8       0x46 D:\Koulu, School, Suli\Project\lpc_chip_15xx\Debug\liblpc_chip_15xx.a(i2cm_15xx.o)
                0x000040d8                Chip_I2CM_XferBlocking
 .text.Chip_IOCON_PinMuxSet
                0x0000411e       0x2c D:\Koulu, School, Suli\Project\lpc_chip_15xx\Debug\liblpc_chip_15xx.a(iocon_15xx.o)
 .text.Chip_IOCON_SetPinMuxing
                0x0000414a       0x50 D:\Koulu, School, Suli\Project\lpc_chip_15xx\Debug\liblpc_chip_15xx.a(iocon_15xx.o)
                0x0000414a                Chip_IOCON_SetPinMuxing
 .text.RingBuffer_GetCount
                0x0000419a       0x20 D:\Koulu, School, Suli\Project\lpc_chip_15xx\Debug\liblpc_chip_15xx.a(ring_buffer.o)
 .text.RingBuffer_GetFree
                0x000041ba       0x1e D:\Koulu, School, Suli\Project\lpc_chip_15xx\Debug\liblpc_chip_15xx.a(ring_buffer.o)
 .text.RingBuffer_IsFull
                0x000041d8       0x26 D:\Koulu, School, Suli\Project\lpc_chip_15xx\Debug\liblpc_chip_15xx.a(ring_buffer.o)
 .text.RingBuffer_IsEmpty
                0x000041fe       0x28 D:\Koulu, School, Suli\Project\lpc_chip_15xx\Debug\liblpc_chip_15xx.a(ring_buffer.o)
 .text.RingBuffer_Init
                0x00004226       0x3a D:\Koulu, School, Suli\Project\lpc_chip_15xx\Debug\liblpc_chip_15xx.a(ring_buffer.o)
                0x00004226                RingBuffer_Init
 .text.RingBuffer_Insert
                0x00004260       0x5c D:\Koulu, School, Suli\Project\lpc_chip_15xx\Debug\liblpc_chip_15xx.a(ring_buffer.o)
                0x00004260                RingBuffer_Insert
 .text.RingBuffer_InsertMult
                0x000042bc      0x122 D:\Koulu, School, Suli\Project\lpc_chip_15xx\Debug\liblpc_chip_15xx.a(ring_buffer.o)
                0x000042bc                RingBuffer_InsertMult
 .text.RingBuffer_Pop
                0x000043de       0x5c D:\Koulu, School, Suli\Project\lpc_chip_15xx\Debug\liblpc_chip_15xx.a(ring_buffer.o)
                0x000043de                RingBuffer_Pop
 .text.RingBuffer_PopMult
                0x0000443a      0x122 D:\Koulu, School, Suli\Project\lpc_chip_15xx\Debug\liblpc_chip_15xx.a(ring_buffer.o)
                0x0000443a                RingBuffer_PopMult
 .text.Chip_SYSCTL_PeriphReset
                0x0000455c       0x22 D:\Koulu, School, Suli\Project\lpc_chip_15xx\Debug\liblpc_chip_15xx.a(ritimer_15xx.o)
 .text.Chip_RIT_Init
                0x0000457e       0x22 D:\Koulu, School, Suli\Project\lpc_chip_15xx\Debug\liblpc_chip_15xx.a(ritimer_15xx.o)
                0x0000457e                Chip_RIT_Init
 .text.Chip_RIT_SetCTRL
                0x000045a0       0x28 D:\Koulu, School, Suli\Project\lpc_chip_15xx\Debug\liblpc_chip_15xx.a(ritimer_15xx.o)
                0x000045a0                Chip_RIT_SetCTRL
 .text.Chip_RIT_ClearCTRL
                0x000045c8       0x2a D:\Koulu, School, Suli\Project\lpc_chip_15xx\Debug\liblpc_chip_15xx.a(ritimer_15xx.o)
                0x000045c8                Chip_RIT_ClearCTRL
 .text.Chip_RIT_SetCompareValue
                0x000045f2       0x30 D:\Koulu, School, Suli\Project\lpc_chip_15xx\Debug\liblpc_chip_15xx.a(ritimer_15xx.o)
                0x000045f2                Chip_RIT_SetCompareValue
 .text.Chip_RIT_SetCounter
                0x00004622       0x30 D:\Koulu, School, Suli\Project\lpc_chip_15xx\Debug\liblpc_chip_15xx.a(ritimer_15xx.o)
                0x00004622                Chip_RIT_SetCounter
 *fill*         0x00004652        0x2 ff
 .text.Chip_SWM_MovablePinAssign
                0x00004654       0x5c D:\Koulu, School, Suli\Project\lpc_chip_15xx\Debug\liblpc_chip_15xx.a(swm_15xx.o)
                0x00004654                Chip_SWM_MovablePinAssign
 .text.Chip_SWM_EnableFixedPin
                0x000046b0       0x48 D:\Koulu, School, Suli\Project\lpc_chip_15xx\Debug\liblpc_chip_15xx.a(swm_15xx.o)
                0x000046b0                Chip_SWM_EnableFixedPin
 .text.Chip_SYSCTL_AssertPeriphReset
                0x000046f8       0x4c D:\Koulu, School, Suli\Project\lpc_chip_15xx\Debug\liblpc_chip_15xx.a(sysctl_15xx.o)
                0x000046f8                Chip_SYSCTL_AssertPeriphReset
 .text.Chip_SYSCTL_DeassertPeriphReset
                0x00004744       0x50 D:\Koulu, School, Suli\Project\lpc_chip_15xx\Debug\liblpc_chip_15xx.a(sysctl_15xx.o)
                0x00004744                Chip_SYSCTL_DeassertPeriphReset
 .text.Chip_SYSCTL_PowerDown
                0x00004794       0x40 D:\Koulu, School, Suli\Project\lpc_chip_15xx\Debug\liblpc_chip_15xx.a(sysctl_15xx.o)
                0x00004794                Chip_SYSCTL_PowerDown
 .text.Chip_SYSCTL_PowerUp
                0x000047d4       0x40 D:\Koulu, School, Suli\Project\lpc_chip_15xx\Debug\liblpc_chip_15xx.a(sysctl_15xx.o)
                0x000047d4                Chip_SYSCTL_PowerUp
 .text.Chip_FMC_SetFLASHAccess
                0x00004814       0x38 D:\Koulu, School, Suli\Project\lpc_chip_15xx\Debug\liblpc_chip_15xx.a(sysinit_15xx.o)
 .text.Chip_Clock_SetSystemPLLSource
                0x0000484c       0x20 D:\Koulu, School, Suli\Project\lpc_chip_15xx\Debug\liblpc_chip_15xx.a(sysinit_15xx.o)
 .text.Chip_Clock_SetupSystemPLL
                0x0000486c       0x34 D:\Koulu, School, Suli\Project\lpc_chip_15xx\Debug\liblpc_chip_15xx.a(sysinit_15xx.o)
 .text.Chip_Clock_IsSystemPLLLocked
                0x000048a0       0x24 D:\Koulu, School, Suli\Project\lpc_chip_15xx\Debug\liblpc_chip_15xx.a(sysinit_15xx.o)
 .text.Chip_Clock_SetSysClockDiv
                0x000048c4       0x20 D:\Koulu, School, Suli\Project\lpc_chip_15xx\Debug\liblpc_chip_15xx.a(sysinit_15xx.o)
 .text.Chip_SetupXtalClocking
                0x000048e4       0x6c D:\Koulu, School, Suli\Project\lpc_chip_15xx\Debug\liblpc_chip_15xx.a(sysinit_15xx.o)
                0x000048e4                Chip_SetupXtalClocking
 .text.Chip_SYSCTL_PeriphReset
                0x00004950       0x22 D:\Koulu, School, Suli\Project\lpc_chip_15xx\Debug\liblpc_chip_15xx.a(uart_15xx.o)
 .text.RingBuffer_IsEmpty
                0x00004972       0x28 D:\Koulu, School, Suli\Project\lpc_chip_15xx\Debug\liblpc_chip_15xx.a(uart_15xx.o)
 .text.Chip_UART_SendByte
                0x0000499a       0x1c D:\Koulu, School, Suli\Project\lpc_chip_15xx\Debug\liblpc_chip_15xx.a(uart_15xx.o)
 .text.Chip_UART_ReadByte
                0x000049b6       0x1a D:\Koulu, School, Suli\Project\lpc_chip_15xx\Debug\liblpc_chip_15xx.a(uart_15xx.o)
 .text.Chip_UART_IntEnable
                0x000049d0       0x1a D:\Koulu, School, Suli\Project\lpc_chip_15xx\Debug\liblpc_chip_15xx.a(uart_15xx.o)
 .text.Chip_UART_IntDisable
                0x000049ea       0x1a D:\Koulu, School, Suli\Project\lpc_chip_15xx\Debug\liblpc_chip_15xx.a(uart_15xx.o)
 .text.Chip_UART_GetStatus
                0x00004a04       0x16 D:\Koulu, School, Suli\Project\lpc_chip_15xx\Debug\liblpc_chip_15xx.a(uart_15xx.o)
 *fill*         0x00004a1a        0x2 ff
 .text.getUARTClockID
                0x00004a1c       0x34 D:\Koulu, School, Suli\Project\lpc_chip_15xx\Debug\liblpc_chip_15xx.a(uart_15xx.o)
 .text.Chip_UART_Init
                0x00004a50       0x4c D:\Koulu, School, Suli\Project\lpc_chip_15xx\Debug\liblpc_chip_15xx.a(uart_15xx.o)
                0x00004a50                Chip_UART_Init
 .text.Chip_UART_SetBaud
                0x00004a9c       0x2a D:\Koulu, School, Suli\Project\lpc_chip_15xx\Debug\liblpc_chip_15xx.a(uart_15xx.o)
                0x00004a9c                Chip_UART_SetBaud
 .text.Chip_UART_RXIntHandlerRB
                0x00004ac6       0x3e D:\Koulu, School, Suli\Project\lpc_chip_15xx\Debug\liblpc_chip_15xx.a(uart_15xx.o)
                0x00004ac6                Chip_UART_RXIntHandlerRB
 .text.Chip_UART_TXIntHandlerRB
                0x00004b04       0x40 D:\Koulu, School, Suli\Project\lpc_chip_15xx\Debug\liblpc_chip_15xx.a(uart_15xx.o)
                0x00004b04                Chip_UART_TXIntHandlerRB
 .text.Chip_UART_SendRB
                0x00004b44       0x60 D:\Koulu, School, Suli\Project\lpc_chip_15xx\Debug\liblpc_chip_15xx.a(uart_15xx.o)
                0x00004b44                Chip_UART_SendRB
 .text.Chip_UART_ReadRB
                0x00004ba4       0x22 D:\Koulu, School, Suli\Project\lpc_chip_15xx\Debug\liblpc_chip_15xx.a(uart_15xx.o)
                0x00004ba4                Chip_UART_ReadRB
 .text.Chip_UART_IRQRBHandler
                0x00004bc6       0x48 D:\Koulu, School, Suli\Project\lpc_chip_15xx\Debug\liblpc_chip_15xx.a(uart_15xx.o)
                0x00004bc6                Chip_UART_IRQRBHandler
 *fill*         0x00004c0e        0x2 ff
 .text          0x00004c10      0x378 c:/nxp/mcuxpressoide_11.2.0_4120/ide/plugins/com.nxp.mcuxpresso.tools.win32_11.2.0.202001021529/tools/bin/../lib/gcc/arm-none-eabi/9.2.1/thumb/v7-m/nofp\libgcc.a(_arm_addsubdf3.o)
                0x00004c10                __aeabi_drsub
                0x00004c18                __aeabi_dsub
                0x00004c18                __subdf3
                0x00004c1c                __aeabi_dadd
                0x00004c1c                __adddf3
                0x00004e94                __floatunsidf
                0x00004e94                __aeabi_ui2d
                0x00004eb4                __floatsidf
                0x00004eb4                __aeabi_i2d
                0x00004ed8                __aeabi_f2d
                0x00004ed8                __extendsfdf2
                0x00004f1c                __floatundidf
                0x00004f1c                __aeabi_ul2d
                0x00004f2c                __floatdidf
                0x00004f2c                __aeabi_l2d
 .text          0x00004f88      0x424 c:/nxp/mcuxpressoide_11.2.0_4120/ide/plugins/com.nxp.mcuxpresso.tools.win32_11.2.0.202001021529/tools/bin/../lib/gcc/arm-none-eabi/9.2.1/thumb/v7-m/nofp\libgcc.a(_arm_muldivdf3.o)
                0x00004f88                __aeabi_dmul
                0x00004f88                __muldf3
                0x000051dc                __divdf3
                0x000051dc                __aeabi_ddiv
 .text          0x000053ac       0x50 c:/nxp/mcuxpressoide_11.2.0_4120/ide/plugins/com.nxp.mcuxpresso.tools.win32_11.2.0.202001021529/tools/bin/../lib/gcc/arm-none-eabi/9.2.1/thumb/v7-m/nofp\libgcc.a(_arm_fixdfsi.o)
                0x000053ac                __aeabi_d2iz
                0x000053ac                __fixdfsi
 .text          0x000053fc       0xa0 c:/nxp/mcuxpressoide_11.2.0_4120/ide/plugins/com.nxp.mcuxpresso.tools.win32_11.2.0.202001021529/tools/bin/../lib/gcc/arm-none-eabi/9.2.1/thumb/v7-m/nofp\libgcc.a(_arm_truncdfsf2.o)
                0x000053fc                __truncdfsf2
                0x000053fc                __aeabi_d2f
 .text          0x0000549c      0x21c c:/nxp/mcuxpressoide_11.2.0_4120/ide/plugins/com.nxp.mcuxpresso.tools.win32_11.2.0.202001021529/tools/bin/../lib/gcc/arm-none-eabi/9.2.1/thumb/v7-m/nofp\libgcc.a(_arm_addsubsf3.o)
                0x0000549c                __aeabi_frsub
                0x000054a4                __subsf3
                0x000054a4                __aeabi_fsub
                0x000054a8                __aeabi_fadd
                0x000054a8                __addsf3
                0x00005608                __aeabi_ui2f
                0x00005608                __floatunsisf
                0x00005610                __aeabi_i2f
                0x00005610                __floatsisf
                0x0000562c                __aeabi_ul2f
                0x0000562c                __floatundisf
                0x0000563c                __aeabi_l2f
                0x0000563c                __floatdisf
 .text          0x000056b8       0xec c:/nxp/mcuxpressoide_11.2.0_4120/ide/plugins/com.nxp.mcuxpresso.tools.win32_11.2.0.202001021529/tools/bin/../lib/gcc/arm-none-eabi/9.2.1/thumb/v7-m/nofp\libgcc.a(_arm_cmpsf2.o)
                0x000056b8                __gesf2
                0x000056b8                __gtsf2
                0x000056c0                __lesf2
                0x000056c0                __ltsf2
                0x000056c8                __nesf2
                0x000056c8                __eqsf2
                0x000056c8                __cmpsf2
                0x00005728                __aeabi_cfrcmple
                0x00005730                __aeabi_cfcmpeq
                0x00005730                __aeabi_cfcmple
                0x00005740                __aeabi_fcmpeq
                0x00005754                __aeabi_fcmplt
                0x00005768                __aeabi_fcmple
                0x0000577c                __aeabi_fcmpge
                0x00005790                __aeabi_fcmpgt
 .text          0x000057a4       0x4c c:/nxp/mcuxpressoide_11.2.0_4120/ide/plugins/com.nxp.mcuxpresso.tools.win32_11.2.0.202001021529/tools/bin/../lib/gcc/arm-none-eabi/9.2.1/thumb/v7-m/nofp\libgcc.a(_arm_fixsfsi.o)
                0x000057a4                __aeabi_f2iz
                0x000057a4                __fixsfsi
 .text          0x000057f0       0x30 c:/nxp/mcuxpressoide_11.2.0_4120/ide/plugins/com.nxp.mcuxpresso.tools.win32_11.2.0.202001021529/tools/bin/../lib/gcc/arm-none-eabi/9.2.1/thumb/v7-m/nofp\libgcc.a(_aeabi_uldivmod.o)
                0x000057f0                __aeabi_uldivmod
 .text          0x00005820       0x3c c:/nxp/mcuxpressoide_11.2.0_4120/ide/plugins/com.nxp.mcuxpresso.tools.win32_11.2.0.202001021529/tools/bin/../lib/gcc/arm-none-eabi/9.2.1/thumb/v7-m/nofp\libgcc.a(_fixunsdfdi.o)
                0x00005820                __fixunsdfdi
                0x00005820                __aeabi_d2ulz
 .text          0x0000585c      0x2c4 c:/nxp/mcuxpressoide_11.2.0_4120/ide/plugins/com.nxp.mcuxpresso.tools.win32_11.2.0.202001021529/tools/bin/../lib/gcc/arm-none-eabi/9.2.1/thumb/v7-m/nofp\libgcc.a(_udivmoddi4.o)
                0x0000585c                __udivmoddi4
 .text          0x00005b20        0x4 c:/nxp/mcuxpressoide_11.2.0_4120/ide/plugins/com.nxp.mcuxpresso.tools.win32_11.2.0.202001021529/tools/bin/../lib/gcc/arm-none-eabi/9.2.1/thumb/v7-m/nofp\libgcc.a(_dvmd_tls.o)
                0x00005b20                __aeabi_idiv0
                0x00005b20                __aeabi_ldiv0
 .text          0x00005b24       0x40 c:/nxp/mcuxpressoide_11.2.0_4120/ide/plugins/com.nxp.mcuxpresso.tools.win32_11.2.0.202001021529/tools/bin/../lib/gcc/arm-none-eabi/9.2.1/thumb/v7-m/nofp\libgcc.a(_arm_fixunsdfsi.o)
                0x00005b24                __aeabi_d2uiz
                0x00005b24                __fixunsdfsi
 .text.__libc_init_array
                0x00005b64       0x48 c:/nxp/mcuxpressoide_11.2.0_4120/ide/plugins/com.nxp.mcuxpresso.tools.win32_11.2.0.202001021529/tools/bin/../lib/gcc/arm-none-eabi/9.2.1/../../../../arm-none-eabi/lib/thumb/v7-m/nofp\libc_nano.a(lib_a-init.o)
                0x00005b64                __libc_init_array
 .text.malloc   0x00005bac       0x10 c:/nxp/mcuxpressoide_11.2.0_4120/ide/plugins/com.nxp.mcuxpresso.tools.win32_11.2.0.202001021529/tools/bin/../lib/gcc/arm-none-eabi/9.2.1/../../../../arm-none-eabi/lib/thumb/v7-m/nofp\libc_nano.a(lib_a-malloc.o)
                0x00005bac                malloc
 .text.free     0x00005bbc       0x10 c:/nxp/mcuxpressoide_11.2.0_4120/ide/plugins/com.nxp.mcuxpresso.tools.win32_11.2.0.202001021529/tools/bin/../lib/gcc/arm-none-eabi/9.2.1/../../../../arm-none-eabi/lib/thumb/v7-m/nofp\libc_nano.a(lib_a-malloc.o)
                0x00005bbc                free
 .text.memcpy   0x00005bcc       0x1c c:/nxp/mcuxpressoide_11.2.0_4120/ide/plugins/com.nxp.mcuxpresso.tools.win32_11.2.0.202001021529/tools/bin/../lib/gcc/arm-none-eabi/9.2.1/../../../../arm-none-eabi/lib/thumb/v7-m/nofp\libc_nano.a(lib_a-memcpy-stub.o)
                0x00005bcc                memcpy
 .text.memset   0x00005be8       0x10 c:/nxp/mcuxpressoide_11.2.0_4120/ide/plugins/com.nxp.mcuxpresso.tools.win32_11.2.0.202001021529/tools/bin/../lib/gcc/arm-none-eabi/9.2.1/../../../../arm-none-eabi/lib/thumb/v7-m/nofp\libc_nano.a(lib_a-memset.o)
                0x00005be8                memset
 .text._free_r  0x00005bf8       0x98 c:/nxp/mcuxpressoide_11.2.0_4120/ide/plugins/com.nxp.mcuxpresso.tools.win32_11.2.0.202001021529/tools/bin/../lib/gcc/arm-none-eabi/9.2.1/../../../../arm-none-eabi/lib/thumb/v7-m/nofp\libc_nano.a(lib_a-nano-freer.o)
                0x00005bf8                _free_r
 .text._malloc_r
                0x00005c90       0xb4 c:/nxp/mcuxpressoide_11.2.0_4120/ide/plugins/com.nxp.mcuxpresso.tools.win32_11.2.0.202001021529/tools/bin/../lib/gcc/arm-none-eabi/9.2.1/../../../../arm-none-eabi/lib/thumb/v7-m/nofp\libc_nano.a(lib_a-nano-mallocr.o)
                0x00005c90                _malloc_r
 .text.printf   0x00005d44       0x30 c:/nxp/mcuxpressoide_11.2.0_4120/ide/plugins/com.nxp.mcuxpresso.tools.win32_11.2.0.202001021529/tools/bin/../lib/gcc/arm-none-eabi/9.2.1/../../../../arm-none-eabi/lib/thumb/v7-m/nofp\libc_nano.a(lib_a-printf.o)
                0x00005d44                iprintf
                0x00005d44                printf
 .text._sbrk_r  0x00005d74       0x20 c:/nxp/mcuxpressoide_11.2.0_4120/ide/plugins/com.nxp.mcuxpresso.tools.win32_11.2.0.202001021529/tools/bin/../lib/gcc/arm-none-eabi/9.2.1/../../../../arm-none-eabi/lib/thumb/v7-m/nofp\libc_nano.a(lib_a-sbrkr.o)
                0x00005d74                _sbrk_r
 .text          0x00005d94       0x10 c:/nxp/mcuxpressoide_11.2.0_4120/ide/plugins/com.nxp.mcuxpresso.tools.win32_11.2.0.202001021529/tools/bin/../lib/gcc/arm-none-eabi/9.2.1/../../../../arm-none-eabi/lib/thumb/v7-m/nofp\libc_nano.a(lib_a-strlen.o)
                0x00005d94                strlen
 .text._vsnprintf_r
                0x00005da4       0x58 c:/nxp/mcuxpressoide_11.2.0_4120/ide/plugins/com.nxp.mcuxpresso.tools.win32_11.2.0.202001021529/tools/bin/../lib/gcc/arm-none-eabi/9.2.1/../../../../arm-none-eabi/lib/thumb/v7-m/nofp\libc_nano.a(lib_a-vsnprintf.o)
                0x00005da4                _vsniprintf_r
                0x00005da4                _vsnprintf_r
 .text.vsnprintf
                0x00005dfc       0x1c c:/nxp/mcuxpressoide_11.2.0_4120/ide/plugins/com.nxp.mcuxpresso.tools.win32_11.2.0.202001021529/tools/bin/../lib/gcc/arm-none-eabi/9.2.1/../../../../arm-none-eabi/lib/thumb/v7-m/nofp\libc_nano.a(lib_a-vsnprintf.o)
                0x00005dfc                vsniprintf
                0x00005dfc                vsnprintf
 .text.std      0x00005e18       0x48 c:/nxp/mcuxpressoide_11.2.0_4120/ide/plugins/com.nxp.mcuxpresso.tools.win32_11.2.0.202001021529/tools/bin/../lib/gcc/arm-none-eabi/9.2.1/../../../../arm-none-eabi/lib/thumb/v7-m/nofp\libc_nano.a(lib_a-findfp.o)
 .text._cleanup_r
                0x00005e60        0xc c:/nxp/mcuxpressoide_11.2.0_4120/ide/plugins/com.nxp.mcuxpresso.tools.win32_11.2.0.202001021529/tools/bin/../lib/gcc/arm-none-eabi/9.2.1/../../../../arm-none-eabi/lib/thumb/v7-m/nofp\libc_nano.a(lib_a-findfp.o)
                0x00005e60                _cleanup_r
 .text.__sfmoreglue
                0x00005e6c       0x2c c:/nxp/mcuxpressoide_11.2.0_4120/ide/plugins/com.nxp.mcuxpresso.tools.win32_11.2.0.202001021529/tools/bin/../lib/gcc/arm-none-eabi/9.2.1/../../../../arm-none-eabi/lib/thumb/v7-m/nofp\libc_nano.a(lib_a-findfp.o)
                0x00005e6c                __sfmoreglue
 .text.__sfp_lock_acquire
                0x00005e98        0xc c:/nxp/mcuxpressoide_11.2.0_4120/ide/plugins/com.nxp.mcuxpresso.tools.win32_11.2.0.202001021529/tools/bin/../lib/gcc/arm-none-eabi/9.2.1/../../../../arm-none-eabi/lib/thumb/v7-m/nofp\libc_nano.a(lib_a-findfp.o)
                0x00005e98                __sfp_lock_acquire
 .text.__sfp_lock_release
                0x00005ea4        0xc c:/nxp/mcuxpressoide_11.2.0_4120/ide/plugins/com.nxp.mcuxpresso.tools.win32_11.2.0.202001021529/tools/bin/../lib/gcc/arm-none-eabi/9.2.1/../../../../arm-none-eabi/lib/thumb/v7-m/nofp\libc_nano.a(lib_a-findfp.o)
                0x00005ea4                __sfp_lock_release
 .text.__sinit_lock_acquire
                0x00005eb0        0xc c:/nxp/mcuxpressoide_11.2.0_4120/ide/plugins/com.nxp.mcuxpresso.tools.win32_11.2.0.202001021529/tools/bin/../lib/gcc/arm-none-eabi/9.2.1/../../../../arm-none-eabi/lib/thumb/v7-m/nofp\libc_nano.a(lib_a-findfp.o)
                0x00005eb0                __sinit_lock_acquire
 .text.__sinit_lock_release
                0x00005ebc        0xc c:/nxp/mcuxpressoide_11.2.0_4120/ide/plugins/com.nxp.mcuxpresso.tools.win32_11.2.0.202001021529/tools/bin/../lib/gcc/arm-none-eabi/9.2.1/../../../../arm-none-eabi/lib/thumb/v7-m/nofp\libc_nano.a(lib_a-findfp.o)
                0x00005ebc                __sinit_lock_release
 .text.__sinit  0x00005ec8       0x70 c:/nxp/mcuxpressoide_11.2.0_4120/ide/plugins/com.nxp.mcuxpresso.tools.win32_11.2.0.202001021529/tools/bin/../lib/gcc/arm-none-eabi/9.2.1/../../../../arm-none-eabi/lib/thumb/v7-m/nofp\libc_nano.a(lib_a-findfp.o)
                0x00005ec8                __sinit
 .text.__sfp    0x00005f38       0x8c c:/nxp/mcuxpressoide_11.2.0_4120/ide/plugins/com.nxp.mcuxpresso.tools.win32_11.2.0.202001021529/tools/bin/../lib/gcc/arm-none-eabi/9.2.1/../../../../arm-none-eabi/lib/thumb/v7-m/nofp\libc_nano.a(lib_a-findfp.o)
                0x00005f38                __sfp
 .text._fwalk_reent
                0x00005fc4       0x3e c:/nxp/mcuxpressoide_11.2.0_4120/ide/plugins/com.nxp.mcuxpresso.tools.win32_11.2.0.202001021529/tools/bin/../lib/gcc/arm-none-eabi/9.2.1/../../../../arm-none-eabi/lib/thumb/v7-m/nofp\libc_nano.a(lib_a-fwalk.o)
                0x00005fc4                _fwalk_reent
 .text.__retarget_lock_init_recursive
                0x00006002        0x2 c:/nxp/mcuxpressoide_11.2.0_4120/ide/plugins/com.nxp.mcuxpresso.tools.win32_11.2.0.202001021529/tools/bin/../lib/gcc/arm-none-eabi/9.2.1/../../../../arm-none-eabi/lib/thumb/v7-m/nofp\libc_nano.a(lib_a-lock.o)
                0x00006002                __retarget_lock_init_recursive
 .text.__retarget_lock_acquire_recursive
                0x00006004        0x2 c:/nxp/mcuxpressoide_11.2.0_4120/ide/plugins/com.nxp.mcuxpresso.tools.win32_11.2.0.202001021529/tools/bin/../lib/gcc/arm-none-eabi/9.2.1/../../../../arm-none-eabi/lib/thumb/v7-m/nofp\libc_nano.a(lib_a-lock.o)
                0x00006004                __retarget_lock_acquire_recursive
 .text.__retarget_lock_release_recursive
                0x00006006        0x2 c:/nxp/mcuxpressoide_11.2.0_4120/ide/plugins/com.nxp.mcuxpresso.tools.win32_11.2.0.202001021529/tools/bin/../lib/gcc/arm-none-eabi/9.2.1/../../../../arm-none-eabi/lib/thumb/v7-m/nofp\libc_nano.a(lib_a-lock.o)
                0x00006006                __retarget_lock_release_recursive
 .text.__malloc_lock
                0x00006008        0xc c:/nxp/mcuxpressoide_11.2.0_4120/ide/plugins/com.nxp.mcuxpresso.tools.win32_11.2.0.202001021529/tools/bin/../lib/gcc/arm-none-eabi/9.2.1/../../../../arm-none-eabi/lib/thumb/v7-m/nofp\libc_nano.a(lib_a-mlock.o)
                0x00006008                __malloc_lock
 .text.__malloc_unlock
                0x00006014        0xc c:/nxp/mcuxpressoide_11.2.0_4120/ide/plugins/com.nxp.mcuxpresso.tools.win32_11.2.0.202001021529/tools/bin/../lib/gcc/arm-none-eabi/9.2.1/../../../../arm-none-eabi/lib/thumb/v7-m/nofp\libc_nano.a(lib_a-mlock.o)
                0x00006014                __malloc_unlock
 .text.__ssputs_r
                0x00006020       0xb6 c:/nxp/mcuxpressoide_11.2.0_4120/ide/plugins/com.nxp.mcuxpresso.tools.win32_11.2.0.202001021529/tools/bin/../lib/gcc/arm-none-eabi/9.2.1/../../../../arm-none-eabi/lib/thumb/v7-m/nofp\libc_nano.a(lib_a-nano-svfprintf.o)
                0x00006020                __ssputs_r
 *fill*         0x000060d6        0x2 ff
 .text._svfprintf_r
                0x000060d8      0x200 c:/nxp/mcuxpressoide_11.2.0_4120/ide/plugins/com.nxp.mcuxpresso.tools.win32_11.2.0.202001021529/tools/bin/../lib/gcc/arm-none-eabi/9.2.1/../../../../arm-none-eabi/lib/thumb/v7-m/nofp\libc_nano.a(lib_a-nano-svfprintf.o)
                0x000060d8                _svfiprintf_r
                0x000060d8                _svfprintf_r
 .text.__sfputc_r
                0x000062d8       0x2a c:/nxp/mcuxpressoide_11.2.0_4120/ide/plugins/com.nxp.mcuxpresso.tools.win32_11.2.0.202001021529/tools/bin/../lib/gcc/arm-none-eabi/9.2.1/../../../../arm-none-eabi/lib/thumb/v7-m/nofp\libc_nano.a(lib_a-nano-vfprintf.o)
 .text.__sfputs_r
                0x00006302       0x24 c:/nxp/mcuxpressoide_11.2.0_4120/ide/plugins/com.nxp.mcuxpresso.tools.win32_11.2.0.202001021529/tools/bin/../lib/gcc/arm-none-eabi/9.2.1/../../../../arm-none-eabi/lib/thumb/v7-m/nofp\libc_nano.a(lib_a-nano-vfprintf.o)
                0x00006302                __sfputs_r
 *fill*         0x00006326        0x2 ff
 .text._vfprintf_r
                0x00006328      0x260 c:/nxp/mcuxpressoide_11.2.0_4120/ide/plugins/com.nxp.mcuxpresso.tools.win32_11.2.0.202001021529/tools/bin/../lib/gcc/arm-none-eabi/9.2.1/../../../../arm-none-eabi/lib/thumb/v7-m/nofp\libc_nano.a(lib_a-nano-vfprintf.o)
                0x00006328                _vfprintf_r
                0x00006328                _vfiprintf_r
 .text._printf_common
                0x00006588       0xde c:/nxp/mcuxpressoide_11.2.0_4120/ide/plugins/com.nxp.mcuxpresso.tools.win32_11.2.0.202001021529/tools/bin/../lib/gcc/arm-none-eabi/9.2.1/../../../../arm-none-eabi/lib/thumb/v7-m/nofp\libc_nano.a(lib_a-nano-vfprintf_i.o)
                0x00006588                _printf_common
 *fill*         0x00006666        0x2 ff
 .text._printf_i
                0x00006668      0x24c c:/nxp/mcuxpressoide_11.2.0_4120/ide/plugins/com.nxp.mcuxpresso.tools.win32_11.2.0.202001021529/tools/bin/../lib/gcc/arm-none-eabi/9.2.1/../../../../arm-none-eabi/lib/thumb/v7-m/nofp\libc_nano.a(lib_a-nano-vfprintf_i.o)
                0x00006668                _printf_i
 .text.__sread  0x000068b4       0x22 c:/nxp/mcuxpressoide_11.2.0_4120/ide/plugins/com.nxp.mcuxpresso.tools.win32_11.2.0.202001021529/tools/bin/../lib/gcc/arm-none-eabi/9.2.1/../../../../arm-none-eabi/lib/thumb/v7-m/nofp\libc_nano.a(lib_a-stdio.o)
                0x000068b4                __sread
 .text.__swrite
                0x000068d6       0x38 c:/nxp/mcuxpressoide_11.2.0_4120/ide/plugins/com.nxp.mcuxpresso.tools.win32_11.2.0.202001021529/tools/bin/../lib/gcc/arm-none-eabi/9.2.1/../../../../arm-none-eabi/lib/thumb/v7-m/nofp\libc_nano.a(lib_a-stdio.o)
                0x000068d6                __swrite
 .text.__sseek  0x0000690e       0x24 c:/nxp/mcuxpressoide_11.2.0_4120/ide/plugins/com.nxp.mcuxpresso.tools.win32_11.2.0.202001021529/tools/bin/../lib/gcc/arm-none-eabi/9.2.1/../../../../arm-none-eabi/lib/thumb/v7-m/nofp\libc_nano.a(lib_a-stdio.o)
                0x0000690e                __sseek
 .text.__sclose
                0x00006932        0x8 c:/nxp/mcuxpressoide_11.2.0_4120/ide/plugins/com.nxp.mcuxpresso.tools.win32_11.2.0.202001021529/tools/bin/../lib/gcc/arm-none-eabi/9.2.1/../../../../arm-none-eabi/lib/thumb/v7-m/nofp\libc_nano.a(lib_a-stdio.o)
                0x00006932                __sclose
 *fill*         0x0000693a        0x2 ff
 .text.__swbuf_r
                0x0000693c       0xa4 c:/nxp/mcuxpressoide_11.2.0_4120/ide/plugins/com.nxp.mcuxpresso.tools.win32_11.2.0.202001021529/tools/bin/../lib/gcc/arm-none-eabi/9.2.1/../../../../arm-none-eabi/lib/thumb/v7-m/nofp\libc_nano.a(lib_a-wbuf.o)
                0x0000693c                __swbuf_r
 .text._write_r
                0x000069e0       0x24 c:/nxp/mcuxpressoide_11.2.0_4120/ide/plugins/com.nxp.mcuxpresso.tools.win32_11.2.0.202001021529/tools/bin/../lib/gcc/arm-none-eabi/9.2.1/../../../../arm-none-eabi/lib/thumb/v7-m/nofp\libc_nano.a(lib_a-writer.o)
                0x000069e0                _write_r
 .text.__swsetup_r
                0x00006a04       0xdc c:/nxp/mcuxpressoide_11.2.0_4120/ide/plugins/com.nxp.mcuxpresso.tools.win32_11.2.0.202001021529/tools/bin/../lib/gcc/arm-none-eabi/9.2.1/../../../../arm-none-eabi/lib/thumb/v7-m/nofp\libc_nano.a(lib_a-wsetup.o)
                0x00006a04                __swsetup_r
 .text._close_r
                0x00006ae0       0x20 c:/nxp/mcuxpressoide_11.2.0_4120/ide/plugins/com.nxp.mcuxpresso.tools.win32_11.2.0.202001021529/tools/bin/../lib/gcc/arm-none-eabi/9.2.1/../../../../arm-none-eabi/lib/thumb/v7-m/nofp\libc_nano.a(lib_a-closer.o)
                0x00006ae0                _close_r
 .text.__sflush_r
                0x00006b00      0x10c c:/nxp/mcuxpressoide_11.2.0_4120/ide/plugins/com.nxp.mcuxpresso.tools.win32_11.2.0.202001021529/tools/bin/../lib/gcc/arm-none-eabi/9.2.1/../../../../arm-none-eabi/lib/thumb/v7-m/nofp\libc_nano.a(lib_a-fflush.o)
                0x00006b00                __sflush_r
 .text._fflush_r
                0x00006c0c       0x78 c:/nxp/mcuxpressoide_11.2.0_4120/ide/plugins/com.nxp.mcuxpresso.tools.win32_11.2.0.202001021529/tools/bin/../lib/gcc/arm-none-eabi/9.2.1/../../../../arm-none-eabi/lib/thumb/v7-m/nofp\libc_nano.a(lib_a-fflush.o)
                0x00006c0c                _fflush_r
 .text._lseek_r
                0x00006c84       0x24 c:/nxp/mcuxpressoide_11.2.0_4120/ide/plugins/com.nxp.mcuxpresso.tools.win32_11.2.0.202001021529/tools/bin/../lib/gcc/arm-none-eabi/9.2.1/../../../../arm-none-eabi/lib/thumb/v7-m/nofp\libc_nano.a(lib_a-lseekr.o)
                0x00006c84                _lseek_r
 .text.__swhatbuf_r
                0x00006ca8       0x48 c:/nxp/mcuxpressoide_11.2.0_4120/ide/plugins/com.nxp.mcuxpresso.tools.win32_11.2.0.202001021529/tools/bin/../lib/gcc/arm-none-eabi/9.2.1/../../../../arm-none-eabi/lib/thumb/v7-m/nofp\libc_nano.a(lib_a-makebuf.o)
                0x00006ca8                __swhatbuf_r
 .text.__smakebuf_r
                0x00006cf0       0x80 c:/nxp/mcuxpressoide_11.2.0_4120/ide/plugins/com.nxp.mcuxpresso.tools.win32_11.2.0.202001021529/tools/bin/../lib/gcc/arm-none-eabi/9.2.1/../../../../arm-none-eabi/lib/thumb/v7-m/nofp\libc_nano.a(lib_a-makebuf.o)
                0x00006cf0                __smakebuf_r
 .text.memchr   0x00006d70       0x1c c:/nxp/mcuxpressoide_11.2.0_4120/ide/plugins/com.nxp.mcuxpresso.tools.win32_11.2.0.202001021529/tools/bin/../lib/gcc/arm-none-eabi/9.2.1/../../../../arm-none-eabi/lib/thumb/v7-m/nofp\libc_nano.a(lib_a-memchr-stub.o)
                0x00006d70                memchr
 .text.memmove  0x00006d8c       0x34 c:/nxp/mcuxpressoide_11.2.0_4120/ide/plugins/com.nxp.mcuxpresso.tools.win32_11.2.0.202001021529/tools/bin/../lib/gcc/arm-none-eabi/9.2.1/../../../../arm-none-eabi/lib/thumb/v7-m/nofp\libc_nano.a(lib_a-memmove.o)
                0x00006d8c                memmove
 .text._realloc_r
                0x00006dc0       0x4c c:/nxp/mcuxpressoide_11.2.0_4120/ide/plugins/com.nxp.mcuxpresso.tools.win32_11.2.0.202001021529/tools/bin/../lib/gcc/arm-none-eabi/9.2.1/../../../../arm-none-eabi/lib/thumb/v7-m/nofp\libc_nano.a(lib_a-nano-reallocr.o)
                0x00006dc0                _realloc_r
 .text._read_r  0x00006e0c       0x24 c:/nxp/mcuxpressoide_11.2.0_4120/ide/plugins/com.nxp.mcuxpresso.tools.win32_11.2.0.202001021529/tools/bin/../lib/gcc/arm-none-eabi/9.2.1/../../../../arm-none-eabi/lib/thumb/v7-m/nofp\libc_nano.a(lib_a-readr.o)
                0x00006e0c                _read_r
 .text._fstat_r
                0x00006e30       0x24 c:/nxp/mcuxpressoide_11.2.0_4120/ide/plugins/com.nxp.mcuxpresso.tools.win32_11.2.0.202001021529/tools/bin/../lib/gcc/arm-none-eabi/9.2.1/../../../../arm-none-eabi/lib/thumb/v7-m/nofp\libc_nano.a(lib_a-fstatr.o)
                0x00006e30                _fstat_r
 .text._isatty_r
                0x00006e54       0x20 c:/nxp/mcuxpressoide_11.2.0_4120/ide/plugins/com.nxp.mcuxpresso.tools.win32_11.2.0.202001021529/tools/bin/../lib/gcc/arm-none-eabi/9.2.1/../../../../arm-none-eabi/lib/thumb/v7-m/nofp\libc_nano.a(lib_a-isattyr.o)
                0x00006e54                _isatty_r
 .text._malloc_usable_size_r
                0x00006e74       0x10 c:/nxp/mcuxpressoide_11.2.0_4120/ide/plugins/com.nxp.mcuxpresso.tools.win32_11.2.0.202001021529/tools/bin/../lib/gcc/arm-none-eabi/9.2.1/../../../../arm-none-eabi/lib/thumb/v7-m/nofp\libc_nano.a(lib_a-nano-msizer.o)
                0x00006e74                _malloc_usable_size_r
 .text._ZdlPvj  0x00006e84        0x4 c:/nxp/mcuxpressoide_11.2.0_4120/ide/plugins/com.nxp.mcuxpresso.tools.win32_11.2.0.202001021529/tools/bin/../lib/gcc/arm-none-eabi/9.2.1/../../../../arm-none-eabi/lib/thumb/v7-m/nofp\libstdc++_nano.a(del_ops.o)
                0x00006e84                operator delete(void*, unsigned int)
 .text._ZNSaIcEC2Ev
                0x00006e88        0x2 c:/nxp/mcuxpressoide_11.2.0_4120/ide/plugins/com.nxp.mcuxpresso.tools.win32_11.2.0.202001021529/tools/bin/../lib/gcc/arm-none-eabi/9.2.1/../../../../arm-none-eabi/lib/thumb/v7-m/nofp\libstdc++_nano.a(allocator-inst.o)
                0x00006e88                std::allocator<char>::allocator()
                0x00006e88                std::allocator<char>::allocator()
 .text._ZNSaIcED2Ev
                0x00006e8a        0x2 c:/nxp/mcuxpressoide_11.2.0_4120/ide/plugins/com.nxp.mcuxpresso.tools.win32_11.2.0.202001021529/tools/bin/../lib/gcc/arm-none-eabi/9.2.1/../../../../arm-none-eabi/lib/thumb/v7-m/nofp\libstdc++_nano.a(allocator-inst.o)
                0x00006e8a                std::allocator<char>::~allocator()
                0x00006e8a                std::allocator<char>::~allocator()
 .text.unlikely._ZSt17__throw_bad_allocv
                0x00006e8c        0x6 c:/nxp/mcuxpressoide_11.2.0_4120/ide/plugins/com.nxp.mcuxpresso.tools.win32_11.2.0.202001021529/tools/bin/../lib/gcc/arm-none-eabi/9.2.1/../../../../arm-none-eabi/lib/thumb/v7-m/nofp\libstdc++_nano.a(functexcept.o)
                0x00006e8c                std::__throw_bad_alloc()
 .text.unlikely._ZSt19__throw_logic_errorPKc
                0x00006e92        0x6 c:/nxp/mcuxpressoide_11.2.0_4120/ide/plugins/com.nxp.mcuxpresso.tools.win32_11.2.0.202001021529/tools/bin/../lib/gcc/arm-none-eabi/9.2.1/../../../../arm-none-eabi/lib/thumb/v7-m/nofp\libstdc++_nano.a(functexcept.o)
                0x00006e92                std::__throw_logic_error(char const*)
 .text.unlikely._ZSt20__throw_length_errorPKc
                0x00006e98        0x6 c:/nxp/mcuxpressoide_11.2.0_4120/ide/plugins/com.nxp.mcuxpresso.tools.win32_11.2.0.202001021529/tools/bin/../lib/gcc/arm-none-eabi/9.2.1/../../../../arm-none-eabi/lib/thumb/v7-m/nofp\libstdc++_nano.a(functexcept.o)
                0x00006e98                std::__throw_length_error(char const*)
 .text._ZSt24__throw_out_of_range_fmtPKcz
                0x00006e9e       0x36 c:/nxp/mcuxpressoide_11.2.0_4120/ide/plugins/com.nxp.mcuxpresso.tools.win32_11.2.0.202001021529/tools/bin/../lib/gcc/arm-none-eabi/9.2.1/../../../../arm-none-eabi/lib/thumb/v7-m/nofp\libstdc++_nano.a(functexcept.o)
                0x00006e9e                std::__throw_out_of_range_fmt(char const*, ...)
 .text._ZN9__gnu_cxx26__throw_insufficient_spaceEPKcS1_
                0x00006ed4       0x4c c:/nxp/mcuxpressoide_11.2.0_4120/ide/plugins/com.nxp.mcuxpresso.tools.win32_11.2.0.202001021529/tools/bin/../lib/gcc/arm-none-eabi/9.2.1/../../../../arm-none-eabi/lib/thumb/v7-m/nofp\libstdc++_nano.a(snprintf_lite.o)
                0x00006ed4                __gnu_cxx::__throw_insufficient_space(char const*, char const*)
 .text._ZN9__gnu_cxx15__concat_size_tEPcjj
                0x00006f20       0x58 c:/nxp/mcuxpressoide_11.2.0_4120/ide/plugins/com.nxp.mcuxpresso.tools.win32_11.2.0.202001021529/tools/bin/../lib/gcc/arm-none-eabi/9.2.1/../../../../arm-none-eabi/lib/thumb/v7-m/nofp\libstdc++_nano.a(snprintf_lite.o)
                0x00006f20                __gnu_cxx::__concat_size_t(char*, unsigned int, unsigned int)
 .text._ZN9__gnu_cxx15__snprintf_liteEPcjPKcSt9__va_list
                0x00006f78       0x82 c:/nxp/mcuxpressoide_11.2.0_4120/ide/plugins/com.nxp.mcuxpresso.tools.win32_11.2.0.202001021529/tools/bin/../lib/gcc/arm-none-eabi/9.2.1/../../../../arm-none-eabi/lib/thumb/v7-m/nofp\libstdc++_nano.a(snprintf_lite.o)
                0x00006f78                __gnu_cxx::__snprintf_lite(char*, unsigned int, char const*, std::__va_list)
 .text._ZNSt11char_traitsIcE4copyEPcPKcj
                0x00006ffa        0x8 c:/nxp/mcuxpressoide_11.2.0_4120/ide/plugins/com.nxp.mcuxpresso.tools.win32_11.2.0.202001021529/tools/bin/../lib/gcc/arm-none-eabi/9.2.1/../../../../arm-none-eabi/lib/thumb/v7-m/nofp\libstdc++_nano.a(string-inst.o)
                0x00006ffa                std::char_traits<char>::copy(char*, char const*, unsigned int)
 .text._ZNSt7__cxx1112basic_stringIcSt11char_traitsIcESaIcEE7_M_dataEPc
                0x00007002        0x4 c:/nxp/mcuxpressoide_11.2.0_4120/ide/plugins/com.nxp.mcuxpresso.tools.win32_11.2.0.202001021529/tools/bin/../lib/gcc/arm-none-eabi/9.2.1/../../../../arm-none-eabi/lib/thumb/v7-m/nofp\libstdc++_nano.a(string-inst.o)
                0x00007002                std::__cxx11::basic_string<char, std::char_traits<char>, std::allocator<char> >::_M_data(char*)
 .text._ZNKSt7__cxx1112basic_stringIcSt11char_traitsIcESaIcEE7_M_dataEv
                0x00007006        0x4 c:/nxp/mcuxpressoide_11.2.0_4120/ide/plugins/com.nxp.mcuxpresso.tools.win32_11.2.0.202001021529/tools/bin/../lib/gcc/arm-none-eabi/9.2.1/../../../../arm-none-eabi/lib/thumb/v7-m/nofp\libstdc++_nano.a(string-inst.o)
                0x00007006                std::__cxx11::basic_string<char, std::char_traits<char>, std::allocator<char> >::_M_data() const
 .text._ZNSt7__cxx1112basic_stringIcSt11char_traitsIcESaIcEE13_M_local_dataEv
                0x0000700a        0x4 c:/nxp/mcuxpressoide_11.2.0_4120/ide/plugins/com.nxp.mcuxpresso.tools.win32_11.2.0.202001021529/tools/bin/../lib/gcc/arm-none-eabi/9.2.1/../../../../arm-none-eabi/lib/thumb/v7-m/nofp\libstdc++_nano.a(string-inst.o)
                0x0000700a                std::__cxx11::basic_string<char, std::char_traits<char>, std::allocator<char> >::_M_local_data()
 .text._ZNSt7__cxx1112basic_stringIcSt11char_traitsIcESaIcEE11_M_capacityEj
                0x0000700e        0x4 c:/nxp/mcuxpressoide_11.2.0_4120/ide/plugins/com.nxp.mcuxpresso.tools.win32_11.2.0.202001021529/tools/bin/../lib/gcc/arm-none-eabi/9.2.1/../../../../arm-none-eabi/lib/thumb/v7-m/nofp\libstdc++_nano.a(string-inst.o)
                0x0000700e                std::__cxx11::basic_string<char, std::char_traits<char>, std::allocator<char> >::_M_capacity(unsigned int)
 .text._ZNSt7__cxx1112basic_stringIcSt11char_traitsIcESaIcEE13_M_set_lengthEj
                0x00007012        0xa c:/nxp/mcuxpressoide_11.2.0_4120/ide/plugins/com.nxp.mcuxpresso.tools.win32_11.2.0.202001021529/tools/bin/../lib/gcc/arm-none-eabi/9.2.1/../../../../arm-none-eabi/lib/thumb/v7-m/nofp\libstdc++_nano.a(string-inst.o)
                0x00007012                std::__cxx11::basic_string<char, std::char_traits<char>, std::allocator<char> >::_M_set_length(unsigned int)
 .text._ZNSt7__cxx1112basic_stringIcSt11char_traitsIcESaIcEE9_M_createERjj
                0x0000701c       0x44 c:/nxp/mcuxpressoide_11.2.0_4120/ide/plugins/com.nxp.mcuxpresso.tools.win32_11.2.0.202001021529/tools/bin/../lib/gcc/arm-none-eabi/9.2.1/../../../../arm-none-eabi/lib/thumb/v7-m/nofp\libstdc++_nano.a(string-inst.o)
                0x0000701c                std::__cxx11::basic_string<char, std::char_traits<char>, std::allocator<char> >::_M_create(unsigned int&, unsigned int)
 .text._ZNSt7__cxx1112basic_stringIcSt11char_traitsIcESaIcEE10_M_disposeEv
                0x00007060       0x10 c:/nxp/mcuxpressoide_11.2.0_4120/ide/plugins/com.nxp.mcuxpresso.tools.win32_11.2.0.202001021529/tools/bin/../lib/gcc/arm-none-eabi/9.2.1/../../../../arm-none-eabi/lib/thumb/v7-m/nofp\libstdc++_nano.a(string-inst.o)
                0x00007060                std::__cxx11::basic_string<char, std::char_traits<char>, std::allocator<char> >::_M_dispose()
 .text._ZNKSt7__cxx1112basic_stringIcSt11char_traitsIcESaIcEE8_M_checkEjPKc
                0x00007070       0x1c c:/nxp/mcuxpressoide_11.2.0_4120/ide/plugins/com.nxp.mcuxpresso.tools.win32_11.2.0.202001021529/tools/bin/../lib/gcc/arm-none-eabi/9.2.1/../../../../arm-none-eabi/lib/thumb/v7-m/nofp\libstdc++_nano.a(string-inst.o)
                0x00007070                std::__cxx11::basic_string<char, std::char_traits<char>, std::allocator<char> >::_M_check(unsigned int, char const*) const
 .text._ZNKSt7__cxx1112basic_stringIcSt11char_traitsIcESaIcEE15_M_check_lengthEjjPKc
                0x0000708c       0x18 c:/nxp/mcuxpressoide_11.2.0_4120/ide/plugins/com.nxp.mcuxpresso.tools.win32_11.2.0.202001021529/tools/bin/../lib/gcc/arm-none-eabi/9.2.1/../../../../arm-none-eabi/lib/thumb/v7-m/nofp\libstdc++_nano.a(string-inst.o)
                0x0000708c                std::__cxx11::basic_string<char, std::char_traits<char>, std::allocator<char> >::_M_check_length(unsigned int, unsigned int, char const*) const
 .text._ZNKSt7__cxx1112basic_stringIcSt11char_traitsIcESaIcEE11_M_disjunctEPKc
                0x000070a4       0x18 c:/nxp/mcuxpressoide_11.2.0_4120/ide/plugins/com.nxp.mcuxpresso.tools.win32_11.2.0.202001021529/tools/bin/../lib/gcc/arm-none-eabi/9.2.1/../../../../arm-none-eabi/lib/thumb/v7-m/nofp\libstdc++_nano.a(string-inst.o)
                0x000070a4                std::__cxx11::basic_string<char, std::char_traits<char>, std::allocator<char> >::_M_disjunct(char const*) const
 .text._ZNSt7__cxx1112basic_stringIcSt11char_traitsIcESaIcEE7_S_copyEPcPKcj
                0x000070bc       0x12 c:/nxp/mcuxpressoide_11.2.0_4120/ide/plugins/com.nxp.mcuxpresso.tools.win32_11.2.0.202001021529/tools/bin/../lib/gcc/arm-none-eabi/9.2.1/../../../../arm-none-eabi/lib/thumb/v7-m/nofp\libstdc++_nano.a(string-inst.o)
                0x000070bc                std::__cxx11::basic_string<char, std::char_traits<char>, std::allocator<char> >::_S_copy(char*, char const*, unsigned int)
 .text._ZNSt7__cxx1112basic_stringIcSt11char_traitsIcESaIcEE7_S_moveEPcPKcj
                0x000070ce       0x18 c:/nxp/mcuxpressoide_11.2.0_4120/ide/plugins/com.nxp.mcuxpresso.tools.win32_11.2.0.202001021529/tools/bin/../lib/gcc/arm-none-eabi/9.2.1/../../../../arm-none-eabi/lib/thumb/v7-m/nofp\libstdc++_nano.a(string-inst.o)
                0x000070ce                std::__cxx11::basic_string<char, std::char_traits<char>, std::allocator<char> >::_S_move(char*, char const*, unsigned int)
 .text._ZNSt7__cxx1112basic_stringIcSt11char_traitsIcESaIcEE13_S_copy_charsEPcS5_S5_
                0x000070e6        0xa c:/nxp/mcuxpressoide_11.2.0_4120/ide/plugins/com.nxp.mcuxpresso.tools.win32_11.2.0.202001021529/tools/bin/../lib/gcc/arm-none-eabi/9.2.1/../../../../arm-none-eabi/lib/thumb/v7-m/nofp\libstdc++_nano.a(string-inst.o)
                0x000070e6                std::__cxx11::basic_string<char, std::char_traits<char>, std::allocator<char> >::_S_copy_chars(char*, char*, char*)
 .text._ZNSt7__cxx1112basic_stringIcSt11char_traitsIcESaIcEE13_S_copy_charsEPcPKcS7_
                0x000070f0        0xa c:/nxp/mcuxpressoide_11.2.0_4120/ide/plugins/com.nxp.mcuxpresso.tools.win32_11.2.0.202001021529/tools/bin/../lib/gcc/arm-none-eabi/9.2.1/../../../../arm-none-eabi/lib/thumb/v7-m/nofp\libstdc++_nano.a(string-inst.o)
                0x000070f0                std::__cxx11::basic_string<char, std::char_traits<char>, std::allocator<char> >::_S_copy_chars(char*, char const*, char const*)
 .text._ZNSt7__cxx1112basic_stringIcSt11char_traitsIcESaIcEE9_M_mutateEjjPKcj
                0x000070fa       0x76 c:/nxp/mcuxpressoide_11.2.0_4120/ide/plugins/com.nxp.mcuxpresso.tools.win32_11.2.0.202001021529/tools/bin/../lib/gcc/arm-none-eabi/9.2.1/../../../../arm-none-eabi/lib/thumb/v7-m/nofp\libstdc++_nano.a(string-inst.o)
                0x000070fa                std::__cxx11::basic_string<char, std::char_traits<char>, std::allocator<char> >::_M_mutate(unsigned int, unsigned int, char const*, unsigned int)
 .text._ZNSt7__cxx1112basic_stringIcSt11char_traitsIcESaIcEEC2EOS4_
                0x00007170       0x34 c:/nxp/mcuxpressoide_11.2.0_4120/ide/plugins/com.nxp.mcuxpresso.tools.win32_11.2.0.202001021529/tools/bin/../lib/gcc/arm-none-eabi/9.2.1/../../../../arm-none-eabi/lib/thumb/v7-m/nofp\libstdc++_nano.a(string-inst.o)
                0x00007170                std::__cxx11::basic_string<char, std::char_traits<char>, std::allocator<char> >::basic_string(std::__cxx11::basic_string<char, std::char_traits<char>, std::allocator<char> >&&)
                0x00007170                std::__cxx11::basic_string<char, std::char_traits<char>, std::allocator<char> >::basic_string(std::__cxx11::basic_string<char, std::char_traits<char>, std::allocator<char> >&&)
 .text._ZNSt7__cxx1112basic_stringIcSt11char_traitsIcESaIcEED2Ev
                0x000071a4        0xc c:/nxp/mcuxpressoide_11.2.0_4120/ide/plugins/com.nxp.mcuxpresso.tools.win32_11.2.0.202001021529/tools/bin/../lib/gcc/arm-none-eabi/9.2.1/../../../../arm-none-eabi/lib/thumb/v7-m/nofp\libstdc++_nano.a(string-inst.o)
                0x000071a4                std::__cxx11::basic_string<char, std::char_traits<char>, std::allocator<char> >::~basic_string()
                0x000071a4                std::__cxx11::basic_string<char, std::char_traits<char>, std::allocator<char> >::~basic_string()
 .text._ZNSt7__cxx1112basic_stringIcSt11char_traitsIcESaIcEEaSEOS4_
                0x000071b0       0x50 c:/nxp/mcuxpressoide_11.2.0_4120/ide/plugins/com.nxp.mcuxpresso.tools.win32_11.2.0.202001021529/tools/bin/../lib/gcc/arm-none-eabi/9.2.1/../../../../arm-none-eabi/lib/thumb/v7-m/nofp\libstdc++_nano.a(string-inst.o)
                0x000071b0                std::__cxx11::basic_string<char, std::char_traits<char>, std::allocator<char> >::operator=(std::__cxx11::basic_string<char, std::char_traits<char>, std::allocator<char> >&&)
 .text._ZNKSt7__cxx1112basic_stringIcSt11char_traitsIcESaIcEE4sizeEv
                0x00007200        0x4 c:/nxp/mcuxpressoide_11.2.0_4120/ide/plugins/com.nxp.mcuxpresso.tools.win32_11.2.0.202001021529/tools/bin/../lib/gcc/arm-none-eabi/9.2.1/../../../../arm-none-eabi/lib/thumb/v7-m/nofp\libstdc++_nano.a(string-inst.o)
                0x00007200                std::__cxx11::basic_string<char, std::char_traits<char>, std::allocator<char> >::size() const
 .text._ZNKSt7__cxx1112basic_stringIcSt11char_traitsIcESaIcEE8capacityEv
                0x00007204       0x10 c:/nxp/mcuxpressoide_11.2.0_4120/ide/plugins/com.nxp.mcuxpresso.tools.win32_11.2.0.202001021529/tools/bin/../lib/gcc/arm-none-eabi/9.2.1/../../../../arm-none-eabi/lib/thumb/v7-m/nofp\libstdc++_nano.a(string-inst.o)
                0x00007204                std::__cxx11::basic_string<char, std::char_traits<char>, std::allocator<char> >::capacity() const
 .text._ZNKSt7__cxx1112basic_stringIcSt11char_traitsIcESaIcEEixEj
                0x00007214        0x6 c:/nxp/mcuxpressoide_11.2.0_4120/ide/plugins/com.nxp.mcuxpresso.tools.win32_11.2.0.202001021529/tools/bin/../lib/gcc/arm-none-eabi/9.2.1/../../../../arm-none-eabi/lib/thumb/v7-m/nofp\libstdc++_nano.a(string-inst.o)
                0x00007214                std::__cxx11::basic_string<char, std::char_traits<char>, std::allocator<char> >::operator[](unsigned int) const
 *fill*         0x0000721a        0x2 ff
 .text._ZNSt7__cxx1112basic_stringIcSt11char_traitsIcESaIcEE10_M_replaceEjjPKcj
                0x0000721c       0xf8 c:/nxp/mcuxpressoide_11.2.0_4120/ide/plugins/com.nxp.mcuxpresso.tools.win32_11.2.0.202001021529/tools/bin/../lib/gcc/arm-none-eabi/9.2.1/../../../../arm-none-eabi/lib/thumb/v7-m/nofp\libstdc++_nano.a(string-inst.o)
                0x0000721c                std::__cxx11::basic_string<char, std::char_traits<char>, std::allocator<char> >::_M_replace(unsigned int, unsigned int, char const*, unsigned int)
 .text._ZNSt7__cxx1112basic_stringIcSt11char_traitsIcESaIcEE7replaceEjjPKcj
                0x00007314       0x30 c:/nxp/mcuxpressoide_11.2.0_4120/ide/plugins/com.nxp.mcuxpresso.tools.win32_11.2.0.202001021529/tools/bin/../lib/gcc/arm-none-eabi/9.2.1/../../../../arm-none-eabi/lib/thumb/v7-m/nofp\libstdc++_nano.a(string-inst.o)
                0x00007314                std::__cxx11::basic_string<char, std::char_traits<char>, std::allocator<char> >::replace(unsigned int, unsigned int, char const*, unsigned int)
 .text._ZNSt7__cxx1112basic_stringIcSt11char_traitsIcESaIcEE6insertEjRKS4_
                0x00007344       0x14 c:/nxp/mcuxpressoide_11.2.0_4120/ide/plugins/com.nxp.mcuxpresso.tools.win32_11.2.0.202001021529/tools/bin/../lib/gcc/arm-none-eabi/9.2.1/../../../../arm-none-eabi/lib/thumb/v7-m/nofp\libstdc++_nano.a(string-inst.o)
                0x00007344                std::__cxx11::basic_string<char, std::char_traits<char>, std::allocator<char> >::insert(unsigned int, std::__cxx11::basic_string<char, std::char_traits<char>, std::allocator<char> > const&)
 .text._ZNSt7__cxx1112basic_stringIcSt11char_traitsIcESaIcEE6insertEjPKc
                0x00007358       0x20 c:/nxp/mcuxpressoide_11.2.0_4120/ide/plugins/com.nxp.mcuxpresso.tools.win32_11.2.0.202001021529/tools/bin/../lib/gcc/arm-none-eabi/9.2.1/../../../../arm-none-eabi/lib/thumb/v7-m/nofp\libstdc++_nano.a(string-inst.o)
                0x00007358                std::__cxx11::basic_string<char, std::char_traits<char>, std::allocator<char> >::insert(unsigned int, char const*)
 .text._ZNSt7__cxx1112basic_stringIcSt11char_traitsIcESaIcEE9_M_appendEPKcj
                0x00007378       0x40 c:/nxp/mcuxpressoide_11.2.0_4120/ide/plugins/com.nxp.mcuxpresso.tools.win32_11.2.0.202001021529/tools/bin/../lib/gcc/arm-none-eabi/9.2.1/../../../../arm-none-eabi/lib/thumb/v7-m/nofp\libstdc++_nano.a(string-inst.o)
                0x00007378                std::__cxx11::basic_string<char, std::char_traits<char>, std::allocator<char> >::_M_append(char const*, unsigned int)
 .text._ZNSt7__cxx1112basic_stringIcSt11char_traitsIcESaIcEE6appendERKS4_
                0x000073b8        0xc c:/nxp/mcuxpressoide_11.2.0_4120/ide/plugins/com.nxp.mcuxpresso.tools.win32_11.2.0.202001021529/tools/bin/../lib/gcc/arm-none-eabi/9.2.1/../../../../arm-none-eabi/lib/thumb/v7-m/nofp\libstdc++_nano.a(string-inst.o)
                0x000073b8                std::__cxx11::basic_string<char, std::char_traits<char>, std::allocator<char> >::append(std::__cxx11::basic_string<char, std::char_traits<char>, std::allocator<char> > const&)
 .text._ZNSt7__cxx1112basic_stringIcSt11char_traitsIcESaIcEE6appendEPKc
                0x000073c4       0x2c c:/nxp/mcuxpressoide_11.2.0_4120/ide/plugins/com.nxp.mcuxpresso.tools.win32_11.2.0.202001021529/tools/bin/../lib/gcc/arm-none-eabi/9.2.1/../../../../arm-none-eabi/lib/thumb/v7-m/nofp\libstdc++_nano.a(string-inst.o)
                0x000073c4                std::__cxx11::basic_string<char, std::char_traits<char>, std::allocator<char> >::append(char const*)
 .text._ZNSt7__cxx1112basic_stringIcSt11char_traitsIcESaIcEE12_Alloc_hiderC2EPcRKS3_
                0x000073f0        0x4 c:/nxp/mcuxpressoide_11.2.0_4120/ide/plugins/com.nxp.mcuxpresso.tools.win32_11.2.0.202001021529/tools/bin/../lib/gcc/arm-none-eabi/9.2.1/../../../../arm-none-eabi/lib/thumb/v7-m/nofp\libstdc++_nano.a(string-inst.o)
                0x000073f0                std::__cxx11::basic_string<char, std::char_traits<char>, std::allocator<char> >::_Alloc_hider::_Alloc_hider(char*, std::allocator<char> const&)
                0x000073f0                std::__cxx11::basic_string<char, std::char_traits<char>, std::allocator<char> >::_Alloc_hider::_Alloc_hider(char*, std::allocator<char> const&)
 .text._ZNSt7__cxx1112basic_stringIcSt11char_traitsIcESaIcEE12_M_constructIPKcEEvT_S8_St20forward_iterator_tag
                0x000073f4       0x48 c:/nxp/mcuxpressoide_11.2.0_4120/ide/plugins/com.nxp.mcuxpresso.tools.win32_11.2.0.202001021529/tools/bin/../lib/gcc/arm-none-eabi/9.2.1/../../../../arm-none-eabi/lib/thumb/v7-m/nofp\libstdc++_nano.a(string-inst.o)
                0x000073f4                void std::__cxx11::basic_string<char, std::char_traits<char>, std::allocator<char> >::_M_construct<char const*>(char const*, char const*, std::forward_iterator_tag)
 .text._ZNSt7__cxx1112basic_stringIcSt11char_traitsIcESaIcEEC2EPKcRKS3_
                0x0000743c       0x2c c:/nxp/mcuxpressoide_11.2.0_4120/ide/plugins/com.nxp.mcuxpresso.tools.win32_11.2.0.202001021529/tools/bin/../lib/gcc/arm-none-eabi/9.2.1/../../../../arm-none-eabi/lib/thumb/v7-m/nofp\libstdc++_nano.a(string-inst.o)
                0x0000743c                std::__cxx11::basic_string<char, std::char_traits<char>, std::allocator<char> >::basic_string(char const*, std::allocator<char> const&)
                0x0000743c                std::__cxx11::basic_string<char, std::char_traits<char>, std::allocator<char> >::basic_string(char const*, std::allocator<char> const&)
 .text._sbrk    0x00007468       0x3c c:/nxp/mcuxpressoide_11.2.0_4120/ide/plugins/com.nxp.mcuxpresso.tools.win32_11.2.0.202001021529/tools/bin/../lib/gcc/arm-none-eabi/9.2.1/../../../../arm-none-eabi/lib/thumb/v7-m/nofp\libcr_newlib_nohost.a(_cr_sbrk.o)
                0x00007468                _sbrk
 .text._close   0x000074a4       0x10 c:/nxp/mcuxpressoide_11.2.0_4120/ide/plugins/com.nxp.mcuxpresso.tools.win32_11.2.0.202001021529/tools/bin/../lib/gcc/arm-none-eabi/9.2.1/../../../../arm-none-eabi/lib/thumb/v7-m/nofp\libcr_newlib_nohost.a(close.o)
                0x000074a4                _close
 .text.abort    0x000074b4        0x2 c:/nxp/mcuxpressoide_11.2.0_4120/ide/plugins/com.nxp.mcuxpresso.tools.win32_11.2.0.202001021529/tools/bin/../lib/gcc/arm-none-eabi/9.2.1/../../../../arm-none-eabi/lib/thumb/v7-m/nofp\libcr_newlib_nohost.a(cr_abort.o)
                0x000074b4                abort
 *fill*         0x000074b6        0x2 ff